<html>
<body>
<pre>
<h1>µVision Build Log</h1>
<h2>Tool Versions:</h2>
IDE-Version: ¦ÌVision V5.16a
Copyright (C) 2015 ARM Ltd and ARM Germany GmbH. All rights reserved.
License Information: wegf wg, eg, LIC=FYKJJ-UVDI4-M94GG-V1PB8-SS44R-9QYXE
 
Tool Versions:
Toolchain:       MDK-ARM Standard  Version: 5.16a
Toolchain Path:  D:\Keil_v5\ARM\ARMCC\Bin
C Compiler:      Armcc.exe V5.06 (build 20)
Assembler:       Armasm.exe V5.06 (build 20)
Linker/Locator:  ArmLink.exe V5.06 (build 20)
Library Manager: ArmAr.exe V5.06 (build 20)
Hex Converter:   FromElf.exe V5.06 (build 20)
CPU DLL:         SARMCM3.DLL V5.16a
Dialog DLL:      DCM.DLL V1.13.2.0
Target DLL:      UL2CM3.DLL V1.155.12.0
Dialog DLL:      TCM.DLL V1.14.5.0
 
<h2>Project:</h2>
C:\Users\xsin\Documents\GitHub\STM32ACS\USER\STM32ACS.uvprojx
Project File Date:  03/21/2017

<h2>Output:</h2>
*** Using Compiler 'V5.06 (build 20)', folder: 'D:\Keil_v5\ARM\ARMCC\Bin'
Rebuild target 'Target 1'
compiling test.c...
compiling sys.c...
assembling startup_stm32f10x_hd.s...
compiling delay.c...
compiling usart.c...
compiling sec.c...
compiling auth.c...
compiling tcpip.c...
compiling dor.c...
compiling userkey.c...
compiling wg.c...
compiling flash.c...
compiling key.c...
compiling exti.c...
compiling voice.c...
compiling led.c...
compiling spi.c...
linking...
Program Size: Code=4684 RO-data=336 RW-data=32 ZI-data=1912  
FromELF: creating hex file...
".\Objects\STM32ACS.axf" - 0 Error(s), 0 Warning(s).

<h2>Collection of Component include folders:</h2>
  C:\Users\xsin\Documents\GitHub\STM32ACS\USER\RTE
  D:\Keil_v5\ARM\PACK\Keil\STM32F1xx_DFP\2.1.0\Device\Include

<h2>Collection of Component Files used:</h2>
Build Time Elapsed:  00:00:04
</pre>
</body>
</html>
