<html>
<body>
<pre>
<h1>�Vision Build Log</h1>
<h2>Tool Versions:</h2>
IDE-Version: ��Vision V5.23.0.0
Copyright (C) 2017 ARM Ltd and ARM Germany GmbH. All rights reserved.
License Information: rgaww wegaw, wageawg, LIC=Y2BSB-2QIFG-NRTXL-0NAQU-9IMFI-R755T
 
Tool Versions:
Toolchain:       MDK-ARM Professional  Version: 5.23
Toolchain Path:  D:\Program Files (x86)\Keil_v5\ARM\ARMCC\Bin
C Compiler:      Armcc.exe V5.06 update 4 (build 422)
Assembler:       Armasm.exe V5.06 update 4 (build 422)
Linker/Locator:  ArmLink.exe V5.06 update 4 (build 422)
Library Manager: ArmAr.exe V5.06 update 4 (build 422)
Hex Converter:   FromElf.exe V5.06 update 4 (build 422)
CPU DLL:         SARMCM3.DLL V5.23
Dialog DLL:      DARMSTM.DLL V1.68.0.0
Target DLL:      Segger\JL2CM3.dll V2.99.23.0
Dialog DLL:      TARMSTM.DLL V1.66.0.0
 
<h2>Project:</h2>
C:\Users\xsin\Documents\GitHub\STM32ACS\USER\ACS.uvprojx
Project File Date:  07/17/2017

<h2>Output:</h2>
*** Using Compiler 'V5.06 update 4 (build 422)', folder: 'D:\Program Files (x86)\Keil_v5\ARM\ARMCC\Bin'
Rebuild target 'Target 1'
compiling stm32f10x_it.c...
compiling main.c...
main.c(250): warning:  #223-D: function "memset" declared implicitly
                                          memset(plybuf,0x00,len+1); //清零数组
main.c(288): warning:  #223-D: function "memset" declared implicitly
                                          memset(buffer,0x00,2048);
main.c(38): warning:  #177-D: variable "key"  was declared but never referenced
          u8 key;
main.c: 3 warnings, 0 errors
compiling system_stm32f10x.c...
compiling dor.c...
compiling exti.c...
compiling flash.c...
compiling led.c...
compiling key.c...
compiling ids.c...
compiling spi.c...
compiling VS10XX.c...
compiling w5500.c...
compiling wiz.c...
..\HARDWARE\wiz.c(106): warning:  #177-D: variable "len"  was declared but never referenced
  	uint16 len=0;
..\HARDWARE\wiz.c: 1 warning, 0 errors
compiling wg.c...
compiling auth.c...
..\SOFTWARE\auth.c(32): warning:  #223-D: function "memset" declared implicitly
  	memset(usersumtemp,0x00,2);
..\SOFTWARE\auth.c: 1 warning, 0 errors
compiling mcu_int.c...
compiling device.c...
..\SOFTWARE\device.c(130): warning:  #550-D: variable "data"  was set but never used
    uint8 data;
..\SOFTWARE\device.c: 1 warning, 0 errors
compiling md5.c...
compiling recorder.c...
compiling mp3player.c...
compiling sec.c...
compiling socket.c...
compiling userkeys.c...
..\SOFTWARE\userkeys.c(63): warning:  #223-D: function "printf" declared implicitly
  	printf("%x\n", UID);
..\SOFTWARE\userkeys.c(70): warning:  #223-D: function "memset" declared implicitly
  	memset(ID,0,len); //清零数组
..\SOFTWARE\userkeys.c(87): warning:  #223-D: function "printf" declared implicitly
  							 printf("%x\n", ID[i]);
..\SOFTWARE\userkeys.c(90): warning:  #940-D: missing return statement at end of non-void function "con_tcp_s" 
   }
..\SOFTWARE\userkeys.c(120): warning:  #940-D: missing return statement at end of non-void function "convert_long2u8" 
  }
..\SOFTWARE\userkeys.c(149): warning:  #940-D: missing return statement at end of non-void function "convert_u82long" 
  }
..\SOFTWARE\userkeys.c: 6 warnings, 0 errors
compiling delay.c...
compiling usart.c...
compiling sys.c...
assembling startup_stm32f10x_hd.s...
compiling core_cm3.c...
compiling stm32f10x_usart.c...
compiling stm32f10x_gpio.c...
compiling stm32f10x_rcc.c...
compiling stm32f10x_adc.c...
compiling misc.c...
compiling stm32f10x_spi.c...
compiling stm32f10x_cec.c...
compiling stm32f10x_can.c...
compiling stm32f10x_bkp.c...
compiling stm32f10x_crc.c...
compiling stm32f10x_dac.c...
compiling stm32f10x_dbgmcu.c...
compiling stm32f10x_flash.c...
compiling stm32f10x_exti.c...
compiling stm32f10x_dma.c...
compiling stm32f10x_fsmc.c...
compiling stm32f10x_iwdg.c...
compiling stm32f10x_i2c.c...
compiling stm32f10x_pwr.c...
compiling stm32f10x_sdio.c...
compiling stm32f10x_rtc.c...
compiling stm32f10x_wwdg.c...
compiling stm32f10x_tim.c...
linking...
Program Size: Code=17548 RO-data=524 RW-data=260 ZI-data=14204  
FromELF: creating hex file...
"..\OBJ\ACS.axf" - 0 Error(s), 12 Warning(s).

<h2>Collection of Component include folders:</h2>
  .\RTE\_Target_1
  D:\Program Files (x86)\Keil_v5\ARM\PACK\Keil\STM32F1xx_DFP\2.2.0\Device\Include

<h2>Collection of Component Files used:</h2>
Build Time Elapsed:  00:00:29
</pre>
</body>
</html>
