Component: ARM Compiler 5.06 update 4 (build 422) Tool: armlink [4d35d2]

==============================================================================

Section Cross References

    main.o(.text) refers to _printf_percent.o(.ARM.Collect$$_printf_percent$$00000000) for _printf_percent
    main.o(.text) refers to _printf_d.o(.ARM.Collect$$_printf_percent$$00000009) for _printf_d
    main.o(.text) refers to _printf_dec.o(.text) for _printf_int_dec
    main.o(.text) refers to _printf_s.o(.ARM.Collect$$_printf_percent$$00000014) for _printf_s
    main.o(.text) refers to _printf_str.o(.text) for _printf_str
    main.o(.text) refers to spi.o(.text) for SPI1_ReadWriteByte
    main.o(.text) refers to delay.o(.text) for delay_init
    main.o(.text) refers to usart.o(.text) for uart_init
    main.o(.text) refers to led.o(.text) for LED_Init
    main.o(.text) refers to key.o(.text) for KEY_Init
    main.o(.text) refers to dor.o(.text) for dor_int
    main.o(.text) refers to ids.o(.text) for IDS_Init
    main.o(.text) refers to wg.o(.text) for WG_int
    main.o(.text) refers to exti.o(.text) for EXTIX_Init
    main.o(.text) refers to flash.o(.text) for SPI_Flash_Init
    main.o(.text) refers to device.o(.text) for Reset_W5500
    main.o(.text) refers to wiz.o(.text) for WIZ_Init
    main.o(.text) refers to noretval__2printf.o(.text) for __2printf
    main.o(.text) refers to auth.o(.text) for auth
    main.o(.text) refers to vs10xx.o(.text) for VS_Init
    main.o(.text) refers to recorder.o(.text) for recoder_enter_rec_mode
    main.o(.text) refers to socket.o(.text) for sendto
    main.o(.text) refers to w5500.o(.text) for getSn_IR
    main.o(.text) refers to rt_memclr.o(.text) for __aeabi_memclr
    main.o(.text) refers to main.o(.data) for wav_header
    main.o(.text) refers to wg.o(.data) for r_done
    main.o(.text) refers to wg.o(.bss) for dat
    main.o(.text) refers to wiz.o(.data) for pc_port
    main.o(.text) refers to main.o(.bss) for recbuf
    main.o(.text) refers to userkeys.o(.data) for usersum
    main.o(.text) refers to auth.o(.data) for usersumtemp
    system_stm32f10x.o(.text) refers to system_stm32f10x.o(.data) for SystemCoreClock
    dor.o(.text) refers to delay.o(.text) for delay_ms
    dor.o(.text) refers to stm32f10x_rcc.o(.text) for RCC_APB2PeriphClockCmd
    dor.o(.text) refers to stm32f10x_gpio.o(.text) for GPIO_Init
    exti.o(.text) refers to delay.o(.text) for delay_ms
    exti.o(.text) refers to ids.o(.text) for IDS_Alarm
    exti.o(.text) refers to stm32f10x_exti.o(.text) for EXTI_ClearITPendingBit
    exti.o(.text) refers to wg.o(.text) for WGR_D1
    exti.o(.text) refers to stm32f10x_rcc.o(.text) for RCC_APB2PeriphClockCmd
    exti.o(.text) refers to stm32f10x_gpio.o(.text) for GPIO_EXTILineConfig
    exti.o(.text) refers to misc.o(.text) for NVIC_Init
    flash.o(.text) refers to spi.o(.text) for SPI1_ReadWriteByte
    flash.o(.text) refers to stm32f10x_rcc.o(.text) for RCC_APB2PeriphClockCmd
    flash.o(.text) refers to stm32f10x_gpio.o(.text) for GPIO_Init
    flash.o(.text) refers to delay.o(.text) for delay_us
    flash.o(.text) refers to flash.o(.data) for SPI_FLASH_TYPE
    flash.o(.text) refers to flash.o(.bss) for SPI_FLASH_BUF
    ids.o(.text) refers to stm32f10x_rcc.o(.text) for RCC_APB2PeriphClockCmd
    ids.o(.text) refers to stm32f10x_gpio.o(.text) for GPIO_PinRemapConfig
    ids.o(.text) refers to delay.o(.text) for delay_ms
    key.o(.text) refers to stm32f10x_rcc.o(.text) for RCC_APB2PeriphClockCmd
    key.o(.text) refers to stm32f10x_gpio.o(.text) for GPIO_PinRemapConfig
    key.o(.text) refers to delay.o(.text) for delay_ms
    key.o(.text) refers to key.o(.data) for key_up
    led.o(.text) refers to stm32f10x_rcc.o(.text) for RCC_APB2PeriphClockCmd
    led.o(.text) refers to stm32f10x_gpio.o(.text) for GPIO_Init
    spi.o(.text) refers to stm32f10x_spi.o(.text) for SPI_I2S_GetFlagStatus
    spi.o(.text) refers to stm32f10x_rcc.o(.text) for RCC_APB2PeriphClockCmd
    spi.o(.text) refers to stm32f10x_gpio.o(.text) for GPIO_Init
    spi.o(.text) refers to spi.o(.bss) for SPI_InitStructure
    vs10xx.o(.text) refers to spi.o(.text) for SPI2_ReadWriteByte
    vs10xx.o(.text) refers to stm32f10x_rcc.o(.text) for RCC_APB2PeriphClockCmd
    vs10xx.o(.text) refers to stm32f10x_gpio.o(.text) for GPIO_Init
    vs10xx.o(.text) refers to delay.o(.text) for delay_ms
    vs10xx.o(.text) refers to vs10xx.o(.constdata) for bitrate
    vs10xx.o(.text) refers to vs10xx.o(.data) for vsset
    w5500.o(.text) refers to _printf_percent.o(.ARM.Collect$$_printf_percent$$00000000) for _printf_percent
    w5500.o(.text) refers to _printf_d.o(.ARM.Collect$$_printf_percent$$00000009) for _printf_d
    w5500.o(.text) refers to _printf_dec.o(.text) for _printf_int_dec
    w5500.o(.text) refers to wiz.o(.text) for WIZ_CS
    w5500.o(.text) refers to noretval__2printf.o(.text) for __2printf
[...]
    ../clib/printf.c                         0x00000000   Number         0  _printf_str.o ABSOLUTE
    ../clib/printf.c                         0x00000000   Number         0  __printf_wp.o ABSOLUTE
    ../clib/printf.c                         0x00000000   Number         0  _printf_intcommon.o ABSOLUTE
    ../clib/printf.c                         0x00000000   Number         0  __printf_flags_ss.o ABSOLUTE
    ../clib/printf.c                         0x00000000   Number         0  __printf_ss.o ABSOLUTE
    ../clib/printf.c                         0x00000000   Number         0  __2printf.o ABSOLUTE
    ../clib/printf.c                         0x00000000   Number         0  noretval__2printf.o ABSOLUTE
    ../clib/printf_percent.s                 0x00000000   Number         0  _printf_x.o ABSOLUTE
    ../clib/printf_percent.s                 0x00000000   Number         0  _printf_d.o ABSOLUTE
    ../clib/printf_percent.s                 0x00000000   Number         0  _printf_percent.o ABSOLUTE
    ../clib/printf_percent.s                 0x00000000   Number         0  _printf_s.o ABSOLUTE
    ../clib/printf_percent.s                 0x00000000   Number         0  _printf_percent_end.o ABSOLUTE
    ../clib/signal.c                         0x00000000   Number         0  defsig_cppl_inner.o ABSOLUTE
    ../clib/signal.c                         0x00000000   Number         0  defsig_pvfn_inner.o ABSOLUTE
    ../clib/signal.c                         0x00000000   Number         0  defsig_stak_inner.o ABSOLUTE
    ../clib/signal.c                         0x00000000   Number         0  defsig_rtred_inner.o ABSOLUTE
    ../clib/signal.c                         0x00000000   Number         0  defsig_rtmem_outer.o ABSOLUTE
    ../clib/signal.c                         0x00000000   Number         0  defsig_rtmem_formal.o ABSOLUTE
    ../clib/signal.c                         0x00000000   Number         0  defsig_exit.o ABSOLUTE
    ../clib/signal.c                         0x00000000   Number         0  defsig_abrt_inner.o ABSOLUTE
    ../clib/signal.c                         0x00000000   Number         0  defsig_rtmem_inner.o ABSOLUTE
    ../clib/signal.c                         0x00000000   Number         0  defsig_fpe_inner.o ABSOLUTE
    ../clib/signal.c                         0x00000000   Number         0  __raise.o ABSOLUTE
    ../clib/signal.c                         0x00000000   Number         0  defsig_general.o ABSOLUTE
    ../clib/signal.c                         0x00000000   Number         0  defsig_segv_inner.o ABSOLUTE
    ../clib/signal.c                         0x00000000   Number         0  defsig_other.o ABSOLUTE
    ../clib/signal.s                         0x00000000   Number         0  defsig.o ABSOLUTE
    ../clib/stdio.c                          0x00000000   Number         0  ferror_locked.o ABSOLUTE
    ../clib/stdio.c                          0x00000000   Number         0  ferror.o ABSOLUTE
    ../clib/stdlib.c                         0x00000000   Number         0  exit.o ABSOLUTE
    ../fplib/fpinit.s                        0x00000000   Number         0  fpinit.o ABSOLUTE
    ..\CORE\core_cm3.c                       0x00000000   Number         0  core_cm3.o ABSOLUTE
    ..\CORE\startup_stm32f10x_hd.s           0x00000000   Number         0  startup_stm32f10x_hd.o ABSOLUTE
    ..\HARDWARE\VS10XX.c                     0x00000000   Number         0  vs10xx.o ABSOLUTE
    ..\HARDWARE\dor.c                        0x00000000   Number         0  dor.o ABSOLUTE
    ..\HARDWARE\exti.c                       0x00000000   Number         0  exti.o ABSOLUTE
    ..\HARDWARE\flash.c                      0x00000000   Number         0  flash.o ABSOLUTE
    ..\HARDWARE\ids.c                        0x00000000   Number         0  ids.o ABSOLUTE
    ..\HARDWARE\key.c                        0x00000000   Number         0  key.o ABSOLUTE
    ..\HARDWARE\led.c                        0x00000000   Number         0  led.o ABSOLUTE
    ..\HARDWARE\spi.c                        0x00000000   Number         0  spi.o ABSOLUTE
    ..\HARDWARE\w5500.c                      0x00000000   Number         0  w5500.o ABSOLUTE
    ..\HARDWARE\wg.c                         0x00000000   Number         0  wg.o ABSOLUTE
    ..\HARDWARE\wiz.c                        0x00000000   Number         0  wiz.o ABSOLUTE
    ..\SOFTWARE\auth.c                       0x00000000   Number         0  auth.o ABSOLUTE
    ..\SOFTWARE\device.c                     0x00000000   Number         0  device.o ABSOLUTE
    ..\SOFTWARE\mcu_int.c                    0x00000000   Number         0  mcu_int.o ABSOLUTE
    ..\SOFTWARE\md5.c                        0x00000000   Number         0  md5.o ABSOLUTE
    ..\SOFTWARE\mp3player.c                  0x00000000   Number         0  mp3player.o ABSOLUTE
    ..\SOFTWARE\recorder.c                   0x00000000   Number         0  recorder.o ABSOLUTE
    ..\SOFTWARE\sec.c                        0x00000000   Number         0  sec.o ABSOLUTE
    ..\SOFTWARE\socket.c                     0x00000000   Number         0  socket.o ABSOLUTE
    ..\SOFTWARE\userkeys.c                   0x00000000   Number         0  userkeys.o ABSOLUTE
    ..\STM32F10x_FWLib\src\misc.c            0x00000000   Number         0  misc.o ABSOLUTE
    ..\STM32F10x_FWLib\src\stm32f10x_adc.c   0x00000000   Number         0  stm32f10x_adc.o ABSOLUTE
    ..\STM32F10x_FWLib\src\stm32f10x_bkp.c   0x00000000   Number         0  stm32f10x_bkp.o ABSOLUTE
    ..\STM32F10x_FWLib\src\stm32f10x_can.c   0x00000000   Number         0  stm32f10x_can.o ABSOLUTE
    ..\STM32F10x_FWLib\src\stm32f10x_cec.c   0x00000000   Number         0  stm32f10x_cec.o ABSOLUTE
    ..\STM32F10x_FWLib\src\stm32f10x_crc.c   0x00000000   Number         0  stm32f10x_crc.o ABSOLUTE
    ..\STM32F10x_FWLib\src\stm32f10x_dac.c   0x00000000   Number         0  stm32f10x_dac.o ABSOLUTE
    ..\STM32F10x_FWLib\src\stm32f10x_dbgmcu.c 0x00000000   Number         0  stm32f10x_dbgmcu.o ABSOLUTE
    ..\STM32F10x_FWLib\src\stm32f10x_dma.c   0x00000000   Number         0  stm32f10x_dma.o ABSOLUTE
    ..\STM32F10x_FWLib\src\stm32f10x_exti.c  0x00000000   Number         0  stm32f10x_exti.o ABSOLUTE
    ..\STM32F10x_FWLib\src\stm32f10x_flash.c 0x00000000   Number         0  stm32f10x_flash.o ABSOLUTE
    ..\STM32F10x_FWLib\src\stm32f10x_fsmc.c  0x00000000   Number         0  stm32f10x_fsmc.o ABSOLUTE
    ..\STM32F10x_FWLib\src\stm32f10x_gpio.c  0x00000000   Number         0  stm32f10x_gpio.o ABSOLUTE
    ..\STM32F10x_FWLib\src\stm32f10x_i2c.c   0x00000000   Number         0  stm32f10x_i2c.o ABSOLUTE
    ..\STM32F10x_FWLib\src\stm32f10x_iwdg.c  0x00000000   Number         0  stm32f10x_iwdg.o ABSOLUTE
    ..\STM32F10x_FWLib\src\stm32f10x_pwr.c   0x00000000   Number         0  stm32f10x_pwr.o ABSOLUTE
    ..\STM32F10x_FWLib\src\stm32f10x_rcc.c   0x00000000   Number         0  stm32f10x_rcc.o ABSOLUTE
    ..\STM32F10x_FWLib\src\stm32f10x_rtc.c   0x00000000   Number         0  stm32f10x_rtc.o ABSOLUTE
    ..\STM32F10x_FWLib\src\stm32f10x_sdio.c  0x00000000   Number         0  stm32f10x_sdio.o ABSOLUTE
    ..\STM32F10x_FWLib\src\stm32f10x_spi.c   0x00000000   Number         0  stm32f10x_spi.o ABSOLUTE
    ..\STM32F10x_FWLib\src\stm32f10x_tim.c   0x00000000   Number         0  stm32f10x_tim.o ABSOLUTE
    ..\STM32F10x_FWLib\src\stm32f10x_usart.c 0x00000000   Number         0  stm32f10x_usart.o ABSOLUTE
    ..\STM32F10x_FWLib\src\stm32f10x_wwdg.c  0x00000000   Number         0  stm32f10x_wwdg.o ABSOLUTE
    ..\SYSTEM\delay\delay.c                  0x00000000   Number         0  delay.o ABSOLUTE
    ..\SYSTEM\sys\sys.c                      0x00000000   Number         0  sys.o ABSOLUTE
    ..\SYSTEM\usart\usart.c                  0x00000000   Number         0  usart.o ABSOLUTE
    ..\\CORE\\core_cm3.c                     0x00000000   Number         0  core_cm3.o ABSOLUTE
    ..\\SYSTEM\\sys\\sys.c                   0x00000000   Number         0  sys.o ABSOLUTE
    dc.s                                     0x00000000   Number         0  dc.o ABSOLUTE
    main.c                                   0x00000000   Number         0  main.o ABSOLUTE
    stm32f10x_it.c                           0x00000000   Number         0  stm32f10x_it.o ABSOLUTE
    system_stm32f10x.c                       0x00000000   Number         0  system_stm32f10x.o ABSOLUTE
    RESET                                    0x08000000   Section      304  startup_stm32f10x_hd.o(RESET)
    !!!main                                  0x08000130   Section        8  __main.o(!!!main)
    !!!scatter                               0x08000138   Section       52  __scatter.o(!!!scatter)
    !!handler_copy                           0x0800016c   Section       26  __scatter_copy.o(!!handler_copy)
    !!handler_zi                             0x08000188   Section       28  __scatter_zi.o(!!handler_zi)
    .ARM.Collect$$_printf_percent$$00000000  0x080001a4   Section        0  _printf_percent.o(.ARM.Collect$$_printf_percent$$00000000)
    .ARM.Collect$$_printf_percent$$00000009  0x080001a4   Section        6  _printf_d.o(.ARM.Collect$$_printf_percent$$00000009)
    .ARM.Collect$$_printf_percent$$0000000C  0x080001aa   Section        6  _printf_x.o(.ARM.Collect$$_printf_percent$$0000000C)
    .ARM.Collect$$_printf_percent$$00000014  0x080001b0   Section        6  _printf_s.o(.ARM.Collect$$_printf_percent$$00000014)
    .ARM.Collect$$_printf_percent$$00000017  0x080001b6   Section        4  _printf_percent_end.o(.ARM.Collect$$_printf_percent$$00000017)
    .ARM.Collect$$libinit$$00000000          0x080001ba   Section        2  libinit.o(.ARM.Collect$$libinit$$00000000)
    .ARM.Collect$$libinit$$00000002          0x080001bc   Section        0  libinit2.o(.ARM.Collect$$libinit$$00000002)
    .ARM.Collect$$libinit$$00000004          0x080001bc   Section        0  libinit2.o(.ARM.Collect$$libinit$$00000004)
    .ARM.Collect$$libinit$$0000000A          0x080001bc   Section        0  libinit2.o(.ARM.Collect$$libinit$$0000000A)
    .ARM.Collect$$libinit$$0000000C          0x080001bc   Section        0  libinit2.o(.ARM.Collect$$libinit$$0000000C)
    .ARM.Collect$$libinit$$0000000E          0x080001bc   Section        0  libinit2.o(.ARM.Collect$$libinit$$0000000E)
    .ARM.Collect$$libinit$$00000011          0x080001bc   Section        0  libinit2.o(.ARM.Collect$$libinit$$00000011)
    .ARM.Collect$$libinit$$00000013          0x080001bc   Section        0  libinit2.o(.ARM.Collect$$libinit$$00000013)
    .ARM.Collect$$libinit$$00000015          0x080001bc   Section        0  libinit2.o(.ARM.Collect$$libinit$$00000015)
    .ARM.Collect$$libinit$$00000017          0x080001bc   Section        0  libinit2.o(.ARM.Collect$$libinit$$00000017)
    .ARM.Collect$$libinit$$00000019          0x080001bc   Section        0  libinit2.o(.ARM.Collect$$libinit$$00000019)
    .ARM.Collect$$libinit$$0000001B          0x080001bc   Section        0  libinit2.o(.ARM.Collect$$libinit$$0000001B)
    .ARM.Collect$$libinit$$0000001D          0x080001bc   Section        0  libinit2.o(.ARM.Collect$$libinit$$0000001D)
    .ARM.Collect$$libinit$$0000001F          0x080001bc   Section        0  libinit2.o(.ARM.Collect$$libinit$$0000001F)
    .ARM.Collect$$libinit$$00000021          0x080001bc   Section        0  libinit2.o(.ARM.Collect$$libinit$$00000021)
    .ARM.Collect$$libinit$$00000023          0x080001bc   Section        0  libinit2.o(.ARM.Collect$$libinit$$00000023)
    .ARM.Collect$$libinit$$00000025          0x080001bc   Section        0  libinit2.o(.ARM.Collect$$libinit$$00000025)
    .ARM.Collect$$libinit$$0000002C          0x080001bc   Section        0  libinit2.o(.ARM.Collect$$libinit$$0000002C)
    .ARM.Collect$$libinit$$0000002E          0x080001bc   Section        0  libinit2.o(.ARM.Collect$$libinit$$0000002E)
    .ARM.Collect$$libinit$$00000030          0x080001bc   Section        0  libinit2.o(.ARM.Collect$$libinit$$00000030)
    .ARM.Collect$$libinit$$00000032          0x080001bc   Section        0  libinit2.o(.ARM.Collect$$libinit$$00000032)
    .ARM.Collect$$libinit$$00000033          0x080001bc   Section        2  libinit2.o(.ARM.Collect$$libinit$$00000033)
    .ARM.Collect$$libshutdown$$00000000      0x080001be   Section        2  libshutdown.o(.ARM.Collect$$libshutdown$$00000000)
    .ARM.Collect$$libshutdown$$00000002      0x080001c0   Section        0  libshutdown2.o(.ARM.Collect$$libshutdown$$00000002)
    .ARM.Collect$$libshutdown$$00000004      0x080001c0   Section        0  libshutdown2.o(.ARM.Collect$$libshutdown$$00000004)
    .ARM.Collect$$libshutdown$$00000007      0x080001c0   Section        0  libshutdown2.o(.ARM.Collect$$libshutdown$$00000007)
    .ARM.Collect$$libshutdown$$0000000A      0x080001c0   Section        0  libshutdown2.o(.ARM.Collect$$libshutdown$$0000000A)
    .ARM.Collect$$libshutdown$$0000000C      0x080001c0   Section        0  libshutdown2.o(.ARM.Collect$$libshutdown$$0000000C)
    .ARM.Collect$$libshutdown$$0000000F      0x080001c0   Section        0  libshutdown2.o(.ARM.Collect$$libshutdown$$0000000F)
    .ARM.Collect$$libshutdown$$00000010      0x080001c0   Section        2  libshutdown2.o(.ARM.Collect$$libshutdown$$00000010)
    .ARM.Collect$$rtentry$$00000000          0x080001c2   Section        0  __rtentry.o(.ARM.Collect$$rtentry$$00000000)
    .ARM.Collect$$rtentry$$00000002          0x080001c2   Section        0  __rtentry2.o(.ARM.Collect$$rtentry$$00000002)
    .ARM.Collect$$rtentry$$00000004          0x080001c2   Section        6  __rtentry4.o(.ARM.Collect$$rtentry$$00000004)
    .ARM.Collect$$rtentry$$00000009          0x080001c8   Section        0  __rtentry2.o(.ARM.Collect$$rtentry$$00000009)
    .ARM.Collect$$rtentry$$0000000A          0x080001c8   Section        4  __rtentry2.o(.ARM.Collect$$rtentry$$0000000A)
    .ARM.Collect$$rtentry$$0000000C          0x080001cc   Section        0  __rtentry2.o(.ARM.Collect$$rtentry$$0000000C)
    .ARM.Collect$$rtentry$$0000000D          0x080001cc   Section        8  __rtentry2.o(.ARM.Collect$$rtentry$$0000000D)
    .ARM.Collect$$rtexit$$00000000           0x080001d4   Section        2  rtexit.o(.ARM.Collect$$rtexit$$00000000)
    .ARM.Collect$$rtexit$$00000002           0x080001d6   Section        0  rtexit2.o(.ARM.Collect$$rtexit$$00000002)
    .ARM.Collect$$rtexit$$00000003           0x080001d6   Section        4  rtexit2.o(.ARM.Collect$$rtexit$$00000003)
    .ARM.Collect$$rtexit$$00000004           0x080001da   Section        6  rtexit2.o(.ARM.Collect$$rtexit$$00000004)
    .text                                    0x080001e0   Section        0  main.o(.text)
    .text                                    0x080005d4   Section        0  stm32f10x_it.o(.text)
    .text                                    0x080005f0   Section        0  system_stm32f10x.o(.text)
    SetSysClockTo72                          0x080005f1   Thumb Code   214  system_stm32f10x.o(.text)
    SetSysClock                              0x080006c7   Thumb Code     8  system_stm32f10x.o(.text)
    .text                                    0x080007d0   Section        0  dor.o(.text)
    .text                                    0x08000820   Section        0  exti.o(.text)
    .text                                    0x08000930   Section        0  flash.o(.text)
    .text                                    0x08000c78   Section        0  ids.o(.text)
    .text                                    0x08000d24   Section        0  key.o(.text)
    .text                                    0x08000e20   Section        0  led.o(.text)
    .text                                    0x08000e70   Section        0  spi.o(.text)
    .text                                    0x08001114   Section        0  vs10xx.o(.text)
    .text                                    0x08001890   Section        0  w5500.o(.text)
    .text                                    0x08001e74   Section        0  wg.o(.text)
    .text                                    0x08002048   Section        0  wiz.o(.text)
    .text                                    0x08002298   Section        0  auth.o(.text)
    .text                                    0x08002380   Section        0  device.o(.text)
    .text                                    0x0800264c   Section        0  recorder.o(.text)
    .text                                    0x080026f0   Section        0  socket.o(.text)
    .text                                    0x08002d7c   Section        0  userkeys.o(.text)
    .text                                    0x08002f7c   Section        0  delay.o(.text)
    .text                                    0x08003050   Section        0  usart.o(.text)
    .text                                    0x08003190   Section       64  startup_stm32f10x_hd.o(.text)
    .text                                    0x080031d0   Section        0  stm32f10x_gpio.o(.text)
    .text                                    0x0800352c   Section        0  stm32f10x_rcc.o(.text)
    .text                                    0x080038d0   Section        0  stm32f10x_usart.o(.text)
    .text                                    0x08003cd8   Section        0  misc.o(.text)
    .text                                    0x08003db4   Section        0  stm32f10x_spi.o(.text)
    .text                                    0x080040c0   Section        0  stm32f10x_exti.o(.text)
    .text                                    0x080041dc   Section        2  use_no_semi_2.o(.text)
    .text                                    0x080041e0   Section        0  noretval__2printf.o(.text)
    .text                                    0x080041f8   Section        0  __printf.o(.text)
    .text                                    0x08004260   Section        0  _printf_str.o(.text)
    .text                                    0x080042b4   Section        0  _printf_dec.o(.text)
    .text                                    0x0800432c   Section        0  _printf_hex_int.o(.text)
    .text                                    0x08004384   Section       68  rt_memclr.o(.text)
    .text                                    0x080043c8   Section       78  rt_memclr_w.o(.text)
    .text                                    0x08004416   Section        0  heapauxi.o(.text)
    .text                                    0x0800441c   Section        2  use_no_semi.o(.text)
    .text                                    0x0800441e   Section        0  _printf_intcommon.o(.text)
    .text                                    0x080044d0   Section        0  _printf_char.o(.text)
    .text                                    0x080044fc   Section        0  _printf_char_file.o(.text)
    .text                                    0x08004520   Section        0  _printf_char_common.o(.text)
    _printf_input_char                       0x08004521   Thumb Code    10  _printf_char_common.o(.text)
    .text                                    0x08004550   Section        0  ferror.o(.text)
    .text                                    0x08004558   Section       74  sys_stackheap_outer.o(.text)
    .text                                    0x080045a2   Section        0  exit.o(.text)
    .text                                    0x080045b4   Section        8  libspace.o(.text)
    .constdata                               0x080045bc   Section        4  main.o(.constdata)
    .constdata                               0x080045c0   Section       64  vs10xx.o(.constdata)
    .constdata                               0x08004600   Section       80  recorder.o(.constdata)
    .constdata                               0x08004650   Section       40  _printf_hex_int.o(.constdata)
    uc_hextab                                0x08004650   Data          20  _printf_hex_int.o(.constdata)
    lc_hextab                                0x08004664   Data          20  _printf_hex_int.o(.constdata)
    .data                                    0x20000000   Section       84  main.o(.data)
    .data                                    0x20000054   Section       20  system_stm32f10x.o(.data)
    .data                                    0x20000068   Section        2  flash.o(.data)
    .data                                    0x2000006a   Section        1  key.o(.data)
    key_up                                   0x2000006a   Data           1  key.o(.data)
    .data                                    0x2000006b   Section       13  vs10xx.o(.data)
    .data                                    0x20000078   Section        8  w5500.o(.data)
    I_STATUS                                 0x20000078   Data           8  w5500.o(.data)
    .data                                    0x20000080   Section        4  wg.o(.data)
    .data                                    0x20000084   Section       34  wiz.o(.data)
    .data                                    0x200000a8   Section       20  auth.o(.data)
    .data                                    0x200000bc   Section       16  device.o(.data)
    .data                                    0x200000cc   Section        2  socket.o(.data)
    local_port                               0x200000cc   Data           2  socket.o(.data)
    .data                                    0x200000d0   Section       20  userkeys.o(.data)
    .data                                    0x200000e4   Section        4  delay.o(.data)
    fac_us                                   0x200000e4   Data           1  delay.o(.data)
    fac_ms                                   0x200000e6   Data           2  delay.o(.data)
    .data                                    0x200000e8   Section        6  usart.o(.data)
    .data                                    0x200000ee   Section       20  stm32f10x_rcc.o(.data)
    APBAHBPrescTable                         0x200000ee   Data          16  stm32f10x_rcc.o(.data)
    ADCPrescTable                            0x200000fe   Data           4  stm32f10x_rcc.o(.data)
    .bss                                     0x20000104   Section     6656  main.o(.bss)
    .bss                                     0x20001b04   Section     4096  flash.o(.bss)
    .bss                                     0x20002b04   Section       18  spi.o(.bss)
    .bss                                     0x20002b16   Section       32  w5500.o(.bss)
    SSIZE                                    0x20002b16   Data          16  w5500.o(.bss)
    RSIZE                                    0x20002b26   Data          16  w5500.o(.bss)
    .bss                                     0x20002b36   Section       26  wg.o(.bss)
    .bss                                     0x20002b50   Section     1526  device.o(.bss)
    .bss                                     0x20003148   Section       12  userkeys.o(.bss)
    .bss                                     0x20003154   Section      200  usart.o(.bss)
    .bss                                     0x2000321c   Section       96  libspace.o(.bss)
    HEAP                                     0x20003280   Section      512  startup_stm32f10x_hd.o(HEAP)
    Heap_Mem                                 0x20003280   Data         512  startup_stm32f10x_hd.o(HEAP)
    STACK                                    0x20003480   Section     1024  startup_stm32f10x_hd.o(STACK)
    Stack_Mem                                0x20003480   Data        1024  startup_stm32f10x_hd.o(STACK)
    __initial_sp                             0x20003880   Data           0  startup_stm32f10x_hd.o(STACK)

    Global Symbols

    Symbol Name                              Value     Ov Type        Size  Object(Section)

    BuildAttributes$$THM_ISAv4$P$D$K$B$S$PE$A:L22UL41UL21$X:L11$S22US41US21$IEEE1$IW$USESV6$~STKCKD$USESV7$~SHL$OSPACE$ROPI$EBA8$UX$STANDARDLIB$REQ8$PRES8$EABIv2 0x00000000   Number         0  anon$$obj.o ABSOLUTE
    __ARM_use_no_argv                        0x00000000   Number         0  main.o ABSOLUTE
    __ARM_exceptions_init                     - Undefined Weak Reference
    __alloca_initialize                       - Undefined Weak Reference
    __arm_preinit_                            - Undefined Weak Reference
    __cpp_initialize__aeabi_                  - Undefined Weak Reference
    __cxa_finalize                            - Undefined Weak Reference
    __rt_locale                               - Undefined Weak Reference
    __sigvec_lookup                           - Undefined Weak Reference
    _atexit_init                              - Undefined Weak Reference
    _call_atexit_fns                          - Undefined Weak Reference
    _clock_init                               - Undefined Weak Reference
    _fp_trap_init                             - Undefined Weak Reference
    _fp_trap_shutdown                         - Undefined Weak Reference
    _get_lc_collate                           - Undefined Weak Reference
    _get_lc_ctype                             - Undefined Weak Reference
    _get_lc_monetary                          - Undefined Weak Reference
    _get_lc_numeric                           - Undefined Weak Reference
    _get_lc_time                              - Undefined Weak Reference
    _getenv_init                              - Undefined Weak Reference
    _handle_redirection                       - Undefined Weak Reference
    _init_alloc                               - Undefined Weak Reference
    _init_user_alloc                          - Undefined Weak Reference
    _initio                                   - Undefined Weak Reference
    _mutex_acquire                            - Undefined Weak Reference
    _mutex_release                            - Undefined Weak Reference
    _printf_mbtowc                            - Undefined Weak Reference
    _printf_post_padding                      - Undefined Weak Reference
    _printf_pre_padding                       - Undefined Weak Reference
    _printf_truncate_signed                   - Undefined Weak Reference
    _printf_truncate_unsigned                 - Undefined Weak Reference
    _rand_init                                - Undefined Weak Reference
    _signal_finish                            - Undefined Weak Reference
    _signal_init                              - Undefined Weak Reference
    _terminate_alloc                          - Undefined Weak Reference
    _terminate_user_alloc                     - Undefined Weak Reference
    _terminateio                              - Undefined Weak Reference
    __Vectors_Size                           0x00000130   Number         0  startup_stm32f10x_hd.o ABSOLUTE
    __Vectors                                0x08000000   Data           4  startup_stm32f10x_hd.o(RESET)
    __Vectors_End                            0x08000130   Data           0  startup_stm32f10x_hd.o(RESET)
    __main                                   0x08000131   Thumb Code     8  __main.o(!!!main)
    __scatterload                            0x08000139   Thumb Code     0  __scatter.o(!!!scatter)
    __scatterload_rt2                        0x08000139   Thumb Code    44  __scatter.o(!!!scatter)
    __scatterload_rt2_thumb_only             0x08000139   Thumb Code     0  __scatter.o(!!!scatter)
    __scatterload_null                       0x08000147   Thumb Code     0  __scatter.o(!!!scatter)
    __scatterload_copy                       0x0800016d   Thumb Code    26  __scatter_copy.o(!!handler_copy)
    __scatterload_zeroinit                   0x08000189   Thumb Code    28  __scatter_zi.o(!!handler_zi)
    _printf_d                                0x080001a5   Thumb Code     0  _printf_d.o(.ARM.Collect$$_printf_percent$$00000009)
    _printf_percent                          0x080001a5   Thumb Code     0  _printf_percent.o(.ARM.Collect$$_printf_percent$$00000000)
    _printf_x                                0x080001ab   Thumb Code     0  _printf_x.o(.ARM.Collect$$_printf_percent$$0000000C)
    _printf_s                                0x080001b1   Thumb Code     0  _printf_s.o(.ARM.Collect$$_printf_percent$$00000014)
    _printf_percent_end                      0x080001b7   Thumb Code     0  _printf_percent_end.o(.ARM.Collect$$_printf_percent$$00000017)
    __rt_lib_init                            0x080001bb   Thumb Code     0  libinit.o(.ARM.Collect$$libinit$$00000000)
    __rt_lib_init_alloca_1                   0x080001bd   Thumb Code     0  libinit2.o(.ARM.Collect$$libinit$$0000002E)
    __rt_lib_init_argv_1                     0x080001bd   Thumb Code     0  libinit2.o(.ARM.Collect$$libinit$$0000002C)
    __rt_lib_init_atexit_1                   0x080001bd   Thumb Code     0  libinit2.o(.ARM.Collect$$libinit$$0000001B)
    __rt_lib_init_clock_1                    0x080001bd   Thumb Code     0  libinit2.o(.ARM.Collect$$libinit$$00000021)
    __rt_lib_init_cpp_1                      0x080001bd   Thumb Code     0  libinit2.o(.ARM.Collect$$libinit$$00000032)
    __rt_lib_init_exceptions_1               0x080001bd   Thumb Code     0  libinit2.o(.ARM.Collect$$libinit$$00000030)
    __rt_lib_init_fp_1                       0x080001bd   Thumb Code     0  libinit2.o(.ARM.Collect$$libinit$$00000002)
    __rt_lib_init_fp_trap_1                  0x080001bd   Thumb Code     0  libinit2.o(.ARM.Collect$$libinit$$0000001F)
    __rt_lib_init_getenv_1                   0x080001bd   Thumb Code     0  libinit2.o(.ARM.Collect$$libinit$$00000023)
    __rt_lib_init_heap_1                     0x080001bd   Thumb Code     0  libinit2.o(.ARM.Collect$$libinit$$0000000A)
    __rt_lib_init_lc_collate_1               0x080001bd   Thumb Code     0  libinit2.o(.ARM.Collect$$libinit$$00000011)
    __rt_lib_init_lc_ctype_1                 0x080001bd   Thumb Code     0  libinit2.o(.ARM.Collect$$libinit$$00000013)
    __rt_lib_init_lc_monetary_1              0x080001bd   Thumb Code     0  libinit2.o(.ARM.Collect$$libinit$$00000015)
    __rt_lib_init_lc_numeric_1               0x080001bd   Thumb Code     0  libinit2.o(.ARM.Collect$$libinit$$00000017)
    __rt_lib_init_lc_time_1                  0x080001bd   Thumb Code     0  libinit2.o(.ARM.Collect$$libinit$$00000019)
    __rt_lib_init_preinit_1                  0x080001bd   Thumb Code     0  libinit2.o(.ARM.Collect$$libinit$$00000004)
    __rt_lib_init_rand_1                     0x080001bd   Thumb Code     0  libinit2.o(.ARM.Collect$$libinit$$0000000E)
    __rt_lib_init_return                     0x080001bd   Thumb Code     0  libinit2.o(.ARM.Collect$$libinit$$00000033)
    __rt_lib_init_signal_1                   0x080001bd   Thumb Code     0  libinit2.o(.ARM.Collect$$libinit$$0000001D)
    __rt_lib_init_stdio_1                    0x080001bd   Thumb Code     0  libinit2.o(.ARM.Collect$$libinit$$00000025)
    __rt_lib_init_user_alloc_1               0x080001bd   Thumb Code     0  libinit2.o(.ARM.Collect$$libinit$$0000000C)
    __rt_lib_shutdown                        0x080001bf   Thumb Code     0  libshutdown.o(.ARM.Collect$$libshutdown$$00000000)
    __rt_lib_shutdown_cpp_1                  0x080001c1   Thumb Code     0  libshutdown2.o(.ARM.Collect$$libshutdown$$00000002)
    __rt_lib_shutdown_fp_trap_1              0x080001c1   Thumb Code     0  libshutdown2.o(.ARM.Collect$$libshutdown$$00000007)
    __rt_lib_shutdown_heap_1                 0x080001c1   Thumb Code     0  libshutdown2.o(.ARM.Collect$$libshutdown$$0000000F)
    __rt_lib_shutdown_return                 0x080001c1   Thumb Code     0  libshutdown2.o(.ARM.Collect$$libshutdown$$00000010)
    __rt_lib_shutdown_signal_1               0x080001c1   Thumb Code     0  libshutdown2.o(.ARM.Collect$$libshutdown$$0000000A)
    __rt_lib_shutdown_stdio_1                0x080001c1   Thumb Code     0  libshutdown2.o(.ARM.Collect$$libshutdown$$00000004)
    __rt_lib_shutdown_user_alloc_1           0x080001c1   Thumb Code     0  libshutdown2.o(.ARM.Collect$$libshutdown$$0000000C)
    __rt_entry                               0x080001c3   Thumb Code     0  __rtentry.o(.ARM.Collect$$rtentry$$00000000)
    __rt_entry_presh_1                       0x080001c3   Thumb Code     0  __rtentry2.o(.ARM.Collect$$rtentry$$00000002)
    __rt_entry_sh                            0x080001c3   Thumb Code     0  __rtentry4.o(.ARM.Collect$$rtentry$$00000004)
    __rt_entry_li                            0x080001c9   Thumb Code     0  __rtentry2.o(.ARM.Collect$$rtentry$$0000000A)
    __rt_entry_postsh_1                      0x080001c9   Thumb Code     0  __rtentry2.o(.ARM.Collect$$rtentry$$00000009)
    __rt_entry_main                          0x080001cd   Thumb Code     0  __rtentry2.o(.ARM.Collect$$rtentry$$0000000D)
    __rt_entry_postli_1                      0x080001cd   Thumb Code     0  __rtentry2.o(.ARM.Collect$$rtentry$$0000000C)
    __rt_exit                                0x080001d5   Thumb Code     0  rtexit.o(.ARM.Collect$$rtexit$$00000000)
    __rt_exit_ls                             0x080001d7   Thumb Code     0  rtexit2.o(.ARM.Collect$$rtexit$$00000003)
    __rt_exit_prels_1                        0x080001d7   Thumb Code     0  rtexit2.o(.ARM.Collect$$rtexit$$00000002)
    __rt_exit_exit                           0x080001db   Thumb Code     0  rtexit2.o(.ARM.Collect$$rtexit$$00000004)
    send_wav_header                          0x080001e1   Thumb Code    62  main.o(.text)
    main                                     0x0800021f   Thumb Code   780  main.o(.text)
    NMI_Handler                              0x080005d5   Thumb Code     2  stm32f10x_it.o(.text)
    HardFault_Handler                        0x080005d7   Thumb Code     4  stm32f10x_it.o(.text)
    MemManage_Handler                        0x080005db   Thumb Code     4  stm32f10x_it.o(.text)
    BusFault_Handler                         0x080005df   Thumb Code     4  stm32f10x_it.o(.text)
    UsageFault_Handler                       0x080005e3   Thumb Code     4  stm32f10x_it.o(.text)
    SVC_Handler                              0x080005e7   Thumb Code     2  stm32f10x_it.o(.text)
    DebugMon_Handler                         0x080005e9   Thumb Code     2  stm32f10x_it.o(.text)
    PendSV_Handler                           0x080005eb   Thumb Code     2  stm32f10x_it.o(.text)
    SysTick_Handler                          0x080005ed   Thumb Code     2  stm32f10x_it.o(.text)
    SystemInit                               0x080006cf   Thumb Code    78  system_stm32f10x.o(.text)
    SystemCoreClockUpdate                    0x0800071d   Thumb Code   142  system_stm32f10x.o(.text)
    dor_open                                 0x080007d1   Thumb Code    32  dor.o(.text)
    dor_int                                  0x080007f1   Thumb Code    34  dor.o(.text)
    EXTI4_IRQHandler                         0x08000821   Thumb Code    26  exti.o(.text)
    EXTI3_IRQHandler                         0x0800083b   Thumb Code    14  exti.o(.text)
    EXTI2_IRQHandler                         0x08000849   Thumb Code    14  exti.o(.text)
    EXTIX_Init                               0x08000857   Thumb Code   214  exti.o(.text)
    SPI_Flash_ReadID                         0x08000931   Thumb Code    64  flash.o(.text)
    SPI_Flash_Init                           0x08000971   Thumb Code    64  flash.o(.text)
    SPI_Flash_ReadSR                         0x080009b1   Thumb Code    36  flash.o(.text)
    SPI_FLASH_Write_SR                       0x080009d5   Thumb Code    32  flash.o(.text)
    SPI_FLASH_Write_Enable                   0x080009f5   Thumb Code    24  flash.o(.text)
    SPI_FLASH_Write_Disable                  0x08000a0d   Thumb Code    24  flash.o(.text)
    SPI_Flash_Read                           0x08000a25   Thumb Code    74  flash.o(.text)
    SPI_Flash_Wait_Busy                      0x08000a6f   Thumb Code    18  flash.o(.text)
    SPI_Flash_Write_Page                     0x08000a81   Thumb Code    80  flash.o(.text)
    SPI_Flash_Write_NoCheck                  0x08000ad1   Thumb Code    70  flash.o(.text)
    SPI_Flash_Erase_Sector                   0x08000b17   Thumb Code    62  flash.o(.text)
    SPI_Flash_Write                          0x08000b55   Thumb Code   176  flash.o(.text)
    SPI_Flash_Erase_Chip                     0x08000c05   Thumb Code    36  flash.o(.text)
    SPI_Flash_PowerDown                      0x08000c29   Thumb Code    30  flash.o(.text)
    SPI_Flash_WAKEUP                         0x08000c47   Thumb Code    30  flash.o(.text)
    IDS_Init                                 0x08000c79   Thumb Code    40  ids.o(.text)
    IDS_Scan                                 0x08000ca1   Thumb Code    14  ids.o(.text)
    IDS_Alarm                                0x08000caf   Thumb Code    98  ids.o(.text)
    KEY_Init                                 0x08000d25   Thumb Code    82  key.o(.text)
    KEY_Scan                                 0x08000d77   Thumb Code   154  key.o(.text)
    LED_Init                                 0x08000e21   Thumb Code    72  led.o(.text)
    SPI1_ReadWriteByte                       0x08000e71   Thumb Code    78  spi.o(.text)
    SPI1_Init                                0x08000ebf   Thumb Code   108  spi.o(.text)
    SPI1_SetSpeed                            0x08000f2b   Thumb Code    26  spi.o(.text)
    SPI2_ReadWriteByte                       0x08000f45   Thumb Code    78  spi.o(.text)
    SPI2_Init                                0x08000f93   Thumb Code   118  spi.o(.text)
    SPI2_SetSpeed                            0x08001009   Thumb Code    26  spi.o(.text)
    SPI3_ReadWriteByte                       0x08001023   Thumb Code    78  spi.o(.text)
    SPI3_Init                                0x08001071   Thumb Code   114  spi.o(.text)
    SPI3_SetSpeed                            0x080010e3   Thumb Code    26  spi.o(.text)
    VS_SPI_ReadWriteByte                     0x08001115   Thumb Code    12  vs10xx.o(.text)
    VS_SPI_SpeedLow                          0x08001121   Thumb Code    10  vs10xx.o(.text)
    VS_SPI_SpeedHigh                         0x0800112b   Thumb Code    10  vs10xx.o(.text)
    VS_Init                                  0x08001135   Thumb Code    86  vs10xx.o(.text)
    VS_WR_Cmd                                0x0800118b   Thumb Code    72  vs10xx.o(.text)
    VS_RD_Reg                                0x080011d3   Thumb Code    88  vs10xx.o(.text)
    VS_Soft_Reset                            0x0800122b   Thumb Code   124  vs10xx.o(.text)
    VS_HD_Reset                              0x080012a7   Thumb Code    76  vs10xx.o(.text)
    VS_Sine_Test                             0x080012f3   Thumb Code   314  vs10xx.o(.text)
    VS_Ram_Test                              0x0800142d   Thumb Code   108  vs10xx.o(.text)
    VS_WR_Data                               0x08001499   Thumb Code    32  vs10xx.o(.text)
    VS_WRAM_Read                             0x080014b9   Thumb Code    24  vs10xx.o(.text)
    VS_Set_Speed                             0x080014d1   Thumb Code    34  vs10xx.o(.text)
    VS_Get_HeadInfo                          0x080014f3   Thumb Code   192  vs10xx.o(.text)
    VS_Get_ByteRate                          0x080015b3   Thumb Code    12  vs10xx.o(.text)
    VS_Get_EndFillByte                       0x080015bf   Thumb Code    12  vs10xx.o(.text)
    VS_Send_MusicData                        0x080015cb   Thumb Code    54  vs10xx.o(.text)
    VS_Restart_Play                          0x08001601   Thumb Code   182  vs10xx.o(.text)
    VS_Reset_DecodeTime                      0x080016b7   Thumb Code    20  vs10xx.o(.text)
    VS_Get_DecodeTime                        0x080016cb   Thumb Code    16  vs10xx.o(.text)
    VS_Load_Patch                            0x080016db   Thumb Code   112  vs10xx.o(.text)
    VS_Set_Vol                               0x0800174b   Thumb Code    38  vs10xx.o(.text)
    VS_Set_Bass                              0x08001771   Thumb Code   102  vs10xx.o(.text)
    VS_Set_Effect                            0x080017d7   Thumb Code    54  vs10xx.o(.text)
    VS_Set_All                               0x0800180d   Thumb Code    34  vs10xx.o(.text)
    set210XX                                 0x0800182f   Thumb Code    80  vs10xx.o(.text)
    getISR                                   0x08001891   Thumb Code     8  w5500.o(.text)
    putISR                                   0x08001899   Thumb Code     6  w5500.o(.text)
    getIINCHIP_RxMAX                         0x0800189f   Thumb Code    10  w5500.o(.text)
    getIINCHIP_TxMAX                         0x080018a9   Thumb Code    10  w5500.o(.text)
    IINCHIP_CSoff                            0x080018b3   Thumb Code    10  w5500.o(.text)
    IINCHIP_CSon                             0x080018bd   Thumb Code    10  w5500.o(.text)
    IINCHIP_SpiSendData                      0x080018c7   Thumb Code    12  w5500.o(.text)
    IINCHIP_WRITE                            0x080018d3   Thumb Code    50  w5500.o(.text)
    IINCHIP_READ                             0x08001905   Thumb Code    50  w5500.o(.text)
    wiz_write_buf                            0x08001937   Thumb Code    80  w5500.o(.text)
    wiz_read_buf                             0x08001987   Thumb Code    78  w5500.o(.text)
    setMR                                    0x080019d5   Thumb Code    14  w5500.o(.text)
    iinchip_init                             0x080019e3   Thumb Code    10  w5500.o(.text)
    sysinit                                  0x080019ed   Thumb Code   302  w5500.o(.text)
    setGAR                                   0x08001b1b   Thumb Code    16  w5500.o(.text)
    getGWIP                                  0x08001b2b   Thumb Code    16  w5500.o(.text)
    setSUBR                                  0x08001b3b   Thumb Code    18  w5500.o(.text)
    setSHAR                                  0x08001b4d   Thumb Code    18  w5500.o(.text)
    setSIPR                                  0x08001b5f   Thumb Code    18  w5500.o(.text)
    getGAR                                   0x08001b71   Thumb Code    16  w5500.o(.text)
    getSUBR                                  0x08001b81   Thumb Code    18  w5500.o(.text)
    getSHAR                                  0x08001b93   Thumb Code    18  w5500.o(.text)
    getSIPR                                  0x08001ba5   Thumb Code    18  w5500.o(.text)
    getIR                                    0x08001bb7   Thumb Code    12  w5500.o(.text)
    setRTR                                   0x08001bc3   Thumb Code    26  w5500.o(.text)
    setRCR                                   0x08001bdd   Thumb Code    16  w5500.o(.text)
    clearIR                                  0x08001bed   Thumb Code    26  w5500.o(.text)
    setSn_MSS                                0x08001c07   Thumb Code    36  w5500.o(.text)
    setSn_TTL                                0x08001c2b   Thumb Code    22  w5500.o(.text)
    getSn_IR                                 0x08001c41   Thumb Code    18  w5500.o(.text)
    getSn_SR                                 0x08001c53   Thumb Code    18  w5500.o(.text)
    getSn_TX_FSR                             0x08001c65   Thumb Code   124  w5500.o(.text)
    getSn_RX_RSR                             0x08001ce1   Thumb Code    84  w5500.o(.text)
    send_data_processing                     0x08001d35   Thumb Code   116  w5500.o(.text)
    recv_data_processing                     0x08001da9   Thumb Code   116  w5500.o(.text)
    setSn_IR                                 0x08001e1d   Thumb Code    22  w5500.o(.text)
    WG_int                                   0x08001e75   Thumb Code    52  wg.o(.text)
    WGR_D0                                   0x08001ea9   Thumb Code   100  wg.o(.text)
    WGR_D1                                   0x08001f0d   Thumb Code    96  wg.o(.text)
    dat_check                                0x08001f6d   Thumb Code   104  wg.o(.text)
    send_wg_dat                              0x08001fd5   Thumb Code    74  wg.o(.text)
    WIZ_Init                                 0x08002049   Thumb Code   110  wiz.o(.text)
    set_net                                  0x080020b7   Thumb Code   138  wiz.o(.text)
    socket0_int_UDP                          0x08002141   Thumb Code    56  wiz.o(.text)
    socket1_int_TCP_S                        0x08002179   Thumb Code    36  wiz.o(.text)
    WIZ_CS                                   0x0800219d   Thumb Code    32  wiz.o(.text)
    SPI3_SendByte                            0x080021bd   Thumb Code    50  wiz.o(.text)
    auth_pass                                0x08002299   Thumb Code     8  auth.o(.text)
    auth_fault                               0x080022a1   Thumb Code    56  auth.o(.text)
    auth                                     0x080022d9   Thumb Code   132  auth.o(.text)
    Reset_W5500                              0x08002381   Thumb Code    38  device.o(.text)
    reboot                                   0x080023a7   Thumb Code    12  device.o(.text)
    USART1_Init                              0x080023b3   Thumb Code   126  device.o(.text)
    USART1_Putc                              0x08002431   Thumb Code    28  device.o(.text)
    USART1_Puts                              0x0800244d   Thumb Code    38  device.o(.text)
    set_network                              0x08002473   Thumb Code   146  device.o(.text)
    write_config_to_eeprom                   0x08002505   Thumb Code    32  device.o(.text)
    set_default                              0x08002525   Thumb Code   100  device.o(.text)
    get_config                               0x08002589   Thumb Code    86  device.o(.text)
    recoder_enter_rec_mode                   0x0800264d   Thumb Code    82  recorder.o(.text)
    read_pcm                                 0x0800269f   Thumb Code    70  recorder.o(.text)
    close                                    0x080026f1   Thumb Code    52  socket.o(.text)
    socket                                   0x08002725   Thumb Code   192  socket.o(.text)
    listen                                   0x080027e5   Thumb Code    62  socket.o(.text)
    connect                                  0x08002823   Thumb Code   248  socket.o(.text)
    disconnect                               0x0800291b   Thumb Code    38  socket.o(.text)
    send                                     0x08002941   Thumb Code   216  socket.o(.text)
    recv                                     0x08002a19   Thumb Code    66  socket.o(.text)
    sendto                                   0x08002a5b   Thumb Code   268  socket.o(.text)
    recvfrom                                 0x08002b67   Thumb Code   510  socket.o(.text)
    convert                                  0x08002d7d   Thumb Code   128  userkeys.o(.text)
    test                                     0x08002dfd   Thumb Code    50  userkeys.o(.text)
    con_tcp_s                                0x08002e2f   Thumb Code   158  userkeys.o(.text)
    convert_long2u8                          0x08002ecd   Thumb Code    36  userkeys.o(.text)
    convert_u82long                          0x08002ef1   Thumb Code    96  userkeys.o(.text)
    delay_init                               0x08002f7d   Thumb Code    50  delay.o(.text)
    delay_us                                 0x08002faf   Thumb Code    72  delay.o(.text)
    delay_ms                                 0x08002ff7   Thumb Code    72  delay.o(.text)
    _sys_exit                                0x08003051   Thumb Code     6  usart.o(.text)
    fputc                                    0x08003057   Thumb Code    24  usart.o(.text)
    uart_init                                0x0800306f   Thumb Code   152  usart.o(.text)
    USART1_IRQHandler                        0x08003107   Thumb Code   122  usart.o(.text)
    Reset_Handler                            0x08003191   Thumb Code     8  startup_stm32f10x_hd.o(.text)
    ADC1_2_IRQHandler                        0x080031ab   Thumb Code     0  startup_stm32f10x_hd.o(.text)
    ADC3_IRQHandler                          0x080031ab   Thumb Code     0  startup_stm32f10x_hd.o(.text)
    CAN1_RX1_IRQHandler                      0x080031ab   Thumb Code     0  startup_stm32f10x_hd.o(.text)
    CAN1_SCE_IRQHandler                      0x080031ab   Thumb Code     0  startup_stm32f10x_hd.o(.text)
    DMA1_Channel1_IRQHandler                 0x080031ab   Thumb Code     0  startup_stm32f10x_hd.o(.text)
    DMA1_Channel2_IRQHandler                 0x080031ab   Thumb Code     0  startup_stm32f10x_hd.o(.text)
    DMA1_Channel3_IRQHandler                 0x080031ab   Thumb Code     0  startup_stm32f10x_hd.o(.text)
    DMA1_Channel4_IRQHandler                 0x080031ab   Thumb Code     0  startup_stm32f10x_hd.o(.text)
    DMA1_Channel5_IRQHandler                 0x080031ab   Thumb Code     0  startup_stm32f10x_hd.o(.text)
    DMA1_Channel6_IRQHandler                 0x080031ab   Thumb Code     0  startup_stm32f10x_hd.o(.text)
    DMA1_Channel7_IRQHandler                 0x080031ab   Thumb Code     0  startup_stm32f10x_hd.o(.text)
    DMA2_Channel1_IRQHandler                 0x080031ab   Thumb Code     0  startup_stm32f10x_hd.o(.text)
    DMA2_Channel2_IRQHandler                 0x080031ab   Thumb Code     0  startup_stm32f10x_hd.o(.text)
    DMA2_Channel3_IRQHandler                 0x080031ab   Thumb Code     0  startup_stm32f10x_hd.o(.text)
    DMA2_Channel4_5_IRQHandler               0x080031ab   Thumb Code     0  startup_stm32f10x_hd.o(.text)
    EXTI0_IRQHandler                         0x080031ab   Thumb Code     0  startup_stm32f10x_hd.o(.text)
    EXTI15_10_IRQHandler                     0x080031ab   Thumb Code     0  startup_stm32f10x_hd.o(.text)
    EXTI1_IRQHandler                         0x080031ab   Thumb Code     0  startup_stm32f10x_hd.o(.text)
    EXTI9_5_IRQHandler                       0x080031ab   Thumb Code     0  startup_stm32f10x_hd.o(.text)
    FLASH_IRQHandler                         0x080031ab   Thumb Code     0  startup_stm32f10x_hd.o(.text)
    FSMC_IRQHandler                          0x080031ab   Thumb Code     0  startup_stm32f10x_hd.o(.text)
    I2C1_ER_IRQHandler                       0x080031ab   Thumb Code     0  startup_stm32f10x_hd.o(.text)
    I2C1_EV_IRQHandler                       0x080031ab   Thumb Code     0  startup_stm32f10x_hd.o(.text)
    I2C2_ER_IRQHandler                       0x080031ab   Thumb Code     0  startup_stm32f10x_hd.o(.text)
    I2C2_EV_IRQHandler                       0x080031ab   Thumb Code     0  startup_stm32f10x_hd.o(.text)
    PVD_IRQHandler                           0x080031ab   Thumb Code     0  startup_stm32f10x_hd.o(.text)
    RCC_IRQHandler                           0x080031ab   Thumb Code     0  startup_stm32f10x_hd.o(.text)
    RTCAlarm_IRQHandler                      0x080031ab   Thumb Code     0  startup_stm32f10x_hd.o(.text)
    RTC_IRQHandler                           0x080031ab   Thumb Code     0  startup_stm32f10x_hd.o(.text)
    SDIO_IRQHandler                          0x080031ab   Thumb Code     0  startup_stm32f10x_hd.o(.text)
    SPI1_IRQHandler                          0x080031ab   Thumb Code     0  startup_stm32f10x_hd.o(.text)
    SPI2_IRQHandler                          0x080031ab   Thumb Code     0  startup_stm32f10x_hd.o(.text)
    SPI3_IRQHandler                          0x080031ab   Thumb Code     0  startup_stm32f10x_hd.o(.text)
    TAMPER_IRQHandler                        0x080031ab   Thumb Code     0  startup_stm32f10x_hd.o(.text)
    TIM1_BRK_IRQHandler                      0x080031ab   Thumb Code     0  startup_stm32f10x_hd.o(.text)
    TIM1_CC_IRQHandler                       0x080031ab   Thumb Code     0  startup_stm32f10x_hd.o(.text)
    TIM1_TRG_COM_IRQHandler                  0x080031ab   Thumb Code     0  startup_stm32f10x_hd.o(.text)
    TIM1_UP_IRQHandler                       0x080031ab   Thumb Code     0  startup_stm32f10x_hd.o(.text)
    TIM2_IRQHandler                          0x080031ab   Thumb Code     0  startup_stm32f10x_hd.o(.text)
    TIM3_IRQHandler                          0x080031ab   Thumb Code     0  startup_stm32f10x_hd.o(.text)
    TIM4_IRQHandler                          0x080031ab   Thumb Code     0  startup_stm32f10x_hd.o(.text)
    TIM5_IRQHandler                          0x080031ab   Thumb Code     0  startup_stm32f10x_hd.o(.text)
    TIM6_IRQHandler                          0x080031ab   Thumb Code     0  startup_stm32f10x_hd.o(.text)
    TIM7_IRQHandler                          0x080031ab   Thumb Code     0  startup_stm32f10x_hd.o(.text)
    TIM8_BRK_IRQHandler                      0x080031ab   Thumb Code     0  startup_stm32f10x_hd.o(.text)
    TIM8_CC_IRQHandler                       0x080031ab   Thumb Code     0  startup_stm32f10x_hd.o(.text)
    TIM8_TRG_COM_IRQHandler                  0x080031ab   Thumb Code     0  startup_stm32f10x_hd.o(.text)
    TIM8_UP_IRQHandler                       0x080031ab   Thumb Code     0  startup_stm32f10x_hd.o(.text)
    UART4_IRQHandler                         0x080031ab   Thumb Code     0  startup_stm32f10x_hd.o(.text)
    UART5_IRQHandler                         0x080031ab   Thumb Code     0  startup_stm32f10x_hd.o(.text)
    USART2_IRQHandler                        0x080031ab   Thumb Code     0  startup_stm32f10x_hd.o(.text)
    USART3_IRQHandler                        0x080031ab   Thumb Code     0  startup_stm32f10x_hd.o(.text)
    USBWakeUp_IRQHandler                     0x080031ab   Thumb Code     0  startup_stm32f10x_hd.o(.text)
    USB_HP_CAN1_TX_IRQHandler                0x080031ab   Thumb Code     0  startup_stm32f10x_hd.o(.text)
    USB_LP_CAN1_RX0_IRQHandler               0x080031ab   Thumb Code     0  startup_stm32f10x_hd.o(.text)
    WWDG_IRQHandler                          0x080031ab   Thumb Code     0  startup_stm32f10x_hd.o(.text)
    __user_initial_stackheap                 0x080031ad   Thumb Code     0  startup_stm32f10x_hd.o(.text)
    GPIO_DeInit                              0x080031d1   Thumb Code   172  stm32f10x_gpio.o(.text)
    GPIO_AFIODeInit                          0x0800327d   Thumb Code    20  stm32f10x_gpio.o(.text)
    GPIO_Init                                0x08003291   Thumb Code   278  stm32f10x_gpio.o(.text)
    GPIO_StructInit                          0x080033a7   Thumb Code    16  stm32f10x_gpio.o(.text)
    GPIO_ReadInputDataBit                    0x080033b7   Thumb Code    18  stm32f10x_gpio.o(.text)
    GPIO_ReadInputData                       0x080033c9   Thumb Code     8  stm32f10x_gpio.o(.text)
    GPIO_ReadOutputDataBit                   0x080033d1   Thumb Code    18  stm32f10x_gpio.o(.text)
    GPIO_ReadOutputData                      0x080033e3   Thumb Code     8  stm32f10x_gpio.o(.text)
    GPIO_SetBits                             0x080033eb   Thumb Code     4  stm32f10x_gpio.o(.text)
    GPIO_ResetBits                           0x080033ef   Thumb Code     4  stm32f10x_gpio.o(.text)
    GPIO_WriteBit                            0x080033f3   Thumb Code    10  stm32f10x_gpio.o(.text)
    GPIO_Write                               0x080033fd   Thumb Code     4  stm32f10x_gpio.o(.text)
    GPIO_PinLockConfig                       0x08003401   Thumb Code    18  stm32f10x_gpio.o(.text)
    GPIO_EventOutputConfig                   0x08003413   Thumb Code    26  stm32f10x_gpio.o(.text)
    GPIO_EventOutputCmd                      0x0800342d   Thumb Code     6  stm32f10x_gpio.o(.text)
    GPIO_PinRemapConfig                      0x08003433   Thumb Code   138  stm32f10x_gpio.o(.text)
    GPIO_EXTILineConfig                      0x080034bd   Thumb Code    66  stm32f10x_gpio.o(.text)
    GPIO_ETH_MediaInterfaceConfig            0x080034ff   Thumb Code     8  stm32f10x_gpio.o(.text)
    RCC_DeInit                               0x0800352d   Thumb Code    64  stm32f10x_rcc.o(.text)
    RCC_HSEConfig                            0x0800356d   Thumb Code    70  stm32f10x_rcc.o(.text)
    RCC_GetFlagStatus                        0x080035b3   Thumb Code    56  stm32f10x_rcc.o(.text)
    RCC_WaitForHSEStartUp                    0x080035eb   Thumb Code    56  stm32f10x_rcc.o(.text)
    RCC_AdjustHSICalibrationValue            0x08003623   Thumb Code    20  stm32f10x_rcc.o(.text)
    RCC_HSICmd                               0x08003637   Thumb Code     6  stm32f10x_rcc.o(.text)
    RCC_PLLConfig                            0x0800363d   Thumb Code    24  stm32f10x_rcc.o(.text)
    RCC_PLLCmd                               0x08003655   Thumb Code     6  stm32f10x_rcc.o(.text)
    RCC_SYSCLKConfig                         0x0800365b   Thumb Code    18  stm32f10x_rcc.o(.text)
    RCC_GetSYSCLKSource                      0x0800366d   Thumb Code    10  stm32f10x_rcc.o(.text)
    RCC_HCLKConfig                           0x08003677   Thumb Code    18  stm32f10x_rcc.o(.text)
    RCC_PCLK1Config                          0x08003689   Thumb Code    18  stm32f10x_rcc.o(.text)
    RCC_PCLK2Config                          0x0800369b   Thumb Code    20  stm32f10x_rcc.o(.text)
    RCC_ITConfig                             0x080036af   Thumb Code    26  stm32f10x_rcc.o(.text)
    RCC_USBCLKConfig                         0x080036c9   Thumb Code     8  stm32f10x_rcc.o(.text)
    RCC_ADCCLKConfig                         0x080036d1   Thumb Code    18  stm32f10x_rcc.o(.text)
    RCC_LSEConfig                            0x080036e3   Thumb Code    50  stm32f10x_rcc.o(.text)
    RCC_LSICmd                               0x08003715   Thumb Code     6  stm32f10x_rcc.o(.text)
    RCC_RTCCLKConfig                         0x0800371b   Thumb Code    12  stm32f10x_rcc.o(.text)
    RCC_RTCCLKCmd                            0x08003727   Thumb Code     8  stm32f10x_rcc.o(.text)
    RCC_GetClocksFreq                        0x0800372f   Thumb Code   192  stm32f10x_rcc.o(.text)
    RCC_AHBPeriphClockCmd                    0x080037ef   Thumb Code    26  stm32f10x_rcc.o(.text)
    RCC_APB2PeriphClockCmd                   0x08003809   Thumb Code    26  stm32f10x_rcc.o(.text)
    RCC_APB1PeriphClockCmd                   0x08003823   Thumb Code    26  stm32f10x_rcc.o(.text)
    RCC_APB2PeriphResetCmd                   0x0800383d   Thumb Code    26  stm32f10x_rcc.o(.text)
    RCC_APB1PeriphResetCmd                   0x08003857   Thumb Code    26  stm32f10x_rcc.o(.text)
    RCC_BackupResetCmd                       0x08003871   Thumb Code     8  stm32f10x_rcc.o(.text)
    RCC_ClockSecuritySystemCmd               0x08003879   Thumb Code     6  stm32f10x_rcc.o(.text)
    RCC_MCOConfig                            0x0800387f   Thumb Code     6  stm32f10x_rcc.o(.text)
    RCC_ClearFlag                            0x08003885   Thumb Code    14  stm32f10x_rcc.o(.text)
    RCC_GetITStatus                          0x08003893   Thumb Code    20  stm32f10x_rcc.o(.text)
    RCC_ClearITPendingBit                    0x080038a7   Thumb Code     6  stm32f10x_rcc.o(.text)
    USART_DeInit                             0x080038d1   Thumb Code   134  stm32f10x_usart.o(.text)
    USART_Init                               0x08003957   Thumb Code   210  stm32f10x_usart.o(.text)
    USART_StructInit                         0x08003a29   Thumb Code    24  stm32f10x_usart.o(.text)
    USART_ClockInit                          0x08003a41   Thumb Code    34  stm32f10x_usart.o(.text)
    USART_ClockStructInit                    0x08003a63   Thumb Code    12  stm32f10x_usart.o(.text)
    USART_Cmd                                0x08003a6f   Thumb Code    24  stm32f10x_usart.o(.text)
    USART_ITConfig                           0x08003a87   Thumb Code    74  stm32f10x_usart.o(.text)
    USART_DMACmd                             0x08003ad1   Thumb Code    18  stm32f10x_usart.o(.text)
    USART_SetAddress                         0x08003ae3   Thumb Code    18  stm32f10x_usart.o(.text)
    USART_WakeUpConfig                       0x08003af5   Thumb Code    18  stm32f10x_usart.o(.text)
    USART_ReceiverWakeUpCmd                  0x08003b07   Thumb Code    24  stm32f10x_usart.o(.text)
    USART_LINBreakDetectLengthConfig         0x08003b1f   Thumb Code    18  stm32f10x_usart.o(.text)
    USART_LINCmd                             0x08003b31   Thumb Code    24  stm32f10x_usart.o(.text)
    USART_SendData                           0x08003b49   Thumb Code     8  stm32f10x_usart.o(.text)
    USART_ReceiveData                        0x08003b51   Thumb Code    10  stm32f10x_usart.o(.text)
    USART_SendBreak                          0x08003b5b   Thumb Code    10  stm32f10x_usart.o(.text)
    USART_SetGuardTime                       0x08003b65   Thumb Code    16  stm32f10x_usart.o(.text)
    USART_SetPrescaler                       0x08003b75   Thumb Code    16  stm32f10x_usart.o(.text)
    USART_SmartCardCmd                       0x08003b85   Thumb Code    24  stm32f10x_usart.o(.text)
    USART_SmartCardNACKCmd                   0x08003b9d   Thumb Code    24  stm32f10x_usart.o(.text)
    USART_HalfDuplexCmd                      0x08003bb5   Thumb Code    24  stm32f10x_usart.o(.text)
    USART_OverSampling8Cmd                   0x08003bcd   Thumb Code    22  stm32f10x_usart.o(.text)
    USART_OneBitMethodCmd                    0x08003be3   Thumb Code    24  stm32f10x_usart.o(.text)
    USART_IrDAConfig                         0x08003bfb   Thumb Code    18  stm32f10x_usart.o(.text)
    USART_IrDACmd                            0x08003c0d   Thumb Code    24  stm32f10x_usart.o(.text)
    USART_GetFlagStatus                      0x08003c25   Thumb Code    26  stm32f10x_usart.o(.text)
    USART_ClearFlag                          0x08003c3f   Thumb Code    18  stm32f10x_usart.o(.text)
    USART_GetITStatus                        0x08003c51   Thumb Code    84  stm32f10x_usart.o(.text)
    USART_ClearITPendingBit                  0x08003ca5   Thumb Code    52  stm32f10x_usart.o(.text)
    NVIC_PriorityGroupConfig                 0x08003cd9   Thumb Code    10  misc.o(.text)
    NVIC_Init                                0x08003ce3   Thumb Code   100  misc.o(.text)
    NVIC_SetVectorTable                      0x08003d47   Thumb Code    14  misc.o(.text)
    NVIC_SystemLPConfig                      0x08003d55   Thumb Code    34  misc.o(.text)
    SysTick_CLKSourceConfig                  0x08003d77   Thumb Code    40  misc.o(.text)
    SPI_I2S_DeInit                           0x08003db5   Thumb Code    76  stm32f10x_spi.o(.text)
    SPI_Init                                 0x08003e01   Thumb Code    60  stm32f10x_spi.o(.text)
    I2S_Init                                 0x08003e3d   Thumb Code   226  stm32f10x_spi.o(.text)
    SPI_StructInit                           0x08003f1f   Thumb Code    24  stm32f10x_spi.o(.text)
    I2S_StructInit                           0x08003f37   Thumb Code    20  stm32f10x_spi.o(.text)
    SPI_Cmd                                  0x08003f4b   Thumb Code    24  stm32f10x_spi.o(.text)
    I2S_Cmd                                  0x08003f63   Thumb Code    24  stm32f10x_spi.o(.text)
    SPI_I2S_ITConfig                         0x08003f7b   Thumb Code    32  stm32f10x_spi.o(.text)
    SPI_I2S_DMACmd                           0x08003f9b   Thumb Code    18  stm32f10x_spi.o(.text)
    SPI_I2S_SendData                         0x08003fad   Thumb Code     4  stm32f10x_spi.o(.text)
    SPI_I2S_ReceiveData                      0x08003fb1   Thumb Code     6  stm32f10x_spi.o(.text)
    SPI_NSSInternalSoftwareConfig            0x08003fb7   Thumb Code    30  stm32f10x_spi.o(.text)
    SPI_SSOutputCmd                          0x08003fd5   Thumb Code    24  stm32f10x_spi.o(.text)
    SPI_DataSizeConfig                       0x08003fed   Thumb Code    18  stm32f10x_spi.o(.text)
    SPI_TransmitCRC                          0x08003fff   Thumb Code    10  stm32f10x_spi.o(.text)
    SPI_CalculateCRC                         0x08004009   Thumb Code    24  stm32f10x_spi.o(.text)
    SPI_GetCRC                               0x08004021   Thumb Code    16  stm32f10x_spi.o(.text)
    SPI_GetCRCPolynomial                     0x08004031   Thumb Code     6  stm32f10x_spi.o(.text)
    SPI_BiDirectionalLineConfig              0x08004037   Thumb Code    28  stm32f10x_spi.o(.text)
    SPI_I2S_GetFlagStatus                    0x08004053   Thumb Code    18  stm32f10x_spi.o(.text)
    SPI_I2S_ClearFlag                        0x08004065   Thumb Code     6  stm32f10x_spi.o(.text)
    SPI_I2S_GetITStatus                      0x0800406b   Thumb Code    52  stm32f10x_spi.o(.text)
    SPI_I2S_ClearITPendingBit                0x0800409f   Thumb Code    20  stm32f10x_spi.o(.text)
    EXTI_DeInit                              0x080040c1   Thumb Code    28  stm32f10x_exti.o(.text)
    EXTI_Init                                0x080040dd   Thumb Code   142  stm32f10x_exti.o(.text)
    EXTI_StructInit                          0x0800416b   Thumb Code    16  stm32f10x_exti.o(.text)
    EXTI_GenerateSWInterrupt                 0x0800417b   Thumb Code    16  stm32f10x_exti.o(.text)
    EXTI_GetFlagStatus                       0x0800418b   Thumb Code    22  stm32f10x_exti.o(.text)
    EXTI_ClearFlag                           0x080041a1   Thumb Code     8  stm32f10x_exti.o(.text)
    EXTI_GetITStatus                         0x080041a9   Thumb Code    34  stm32f10x_exti.o(.text)
    EXTI_ClearITPendingBit                   0x080041cb   Thumb Code     8  stm32f10x_exti.o(.text)
    __use_no_semihosting                     0x080041dd   Thumb Code     2  use_no_semi_2.o(.text)
    __2printf                                0x080041e1   Thumb Code    20  noretval__2printf.o(.text)
    __printf                                 0x080041f9   Thumb Code   104  __printf.o(.text)
    _printf_str                              0x08004261   Thumb Code    82  _printf_str.o(.text)
    _printf_int_dec                          0x080042b5   Thumb Code   104  _printf_dec.o(.text)
    _printf_int_hex                          0x0800432d   Thumb Code    84  _printf_hex_int.o(.text)
    _printf_longlong_hex                     0x0800432d   Thumb Code     0  _printf_hex_int.o(.text)
    __aeabi_memclr                           0x08004385   Thumb Code     0  rt_memclr.o(.text)
    __rt_memclr                              0x08004385   Thumb Code    68  rt_memclr.o(.text)
    _memset                                  0x08004389   Thumb Code     0  rt_memclr.o(.text)
    __aeabi_memclr4                          0x080043c9   Thumb Code     0  rt_memclr_w.o(.text)
    __aeabi_memclr8                          0x080043c9   Thumb Code     0  rt_memclr_w.o(.text)
    __rt_memclr_w                            0x080043c9   Thumb Code    78  rt_memclr_w.o(.text)
    _memset_w                                0x080043cd   Thumb Code     0  rt_memclr_w.o(.text)
    __use_two_region_memory                  0x08004417   Thumb Code     2  heapauxi.o(.text)
    __rt_heap_escrow$2region                 0x08004419   Thumb Code     2  heapauxi.o(.text)
    __rt_heap_expand$2region                 0x0800441b   Thumb Code     2  heapauxi.o(.text)
    __I$use$semihosting                      0x0800441d   Thumb Code     0  use_no_semi.o(.text)
    __use_no_semihosting_swi                 0x0800441d   Thumb Code     2  use_no_semi.o(.text)
    _printf_int_common                       0x0800441f   Thumb Code   178  _printf_intcommon.o(.text)
    _printf_cs_common                        0x080044d1   Thumb Code    20  _printf_char.o(.text)
    _printf_char                             0x080044e5   Thumb Code    16  _printf_char.o(.text)
    _printf_string                           0x080044f5   Thumb Code     8  _printf_char.o(.text)
    _printf_char_file                        0x080044fd   Thumb Code    32  _printf_char_file.o(.text)
    _printf_char_common                      0x0800452b   Thumb Code    32  _printf_char_common.o(.text)
    ferror                                   0x08004551   Thumb Code     8  ferror.o(.text)
    __user_setup_stackheap                   0x08004559   Thumb Code    74  sys_stackheap_outer.o(.text)
    exit                                     0x080045a3   Thumb Code    18  exit.o(.text)
    __user_libspace                          0x080045b5   Thumb Code     8  libspace.o(.text)
    __user_perproc_libspace                  0x080045b5   Thumb Code     0  libspace.o(.text)
    __user_perthread_libspace                0x080045b5   Thumb Code     0  libspace.o(.text)
    FLASH_SIZE                               0x080045bc   Data           4  main.o(.constdata)
    bitrate                                  0x080045c0   Data          64  vs10xx.o(.constdata)
    wav_plugin                               0x08004600   Data          80  recorder.o(.constdata)
    Region$$Table$$Base                      0x08004678   Number         0  anon$$obj.o(Region$$Table)
    Region$$Table$$Limit                     0x08004698   Number         0  anon$$obj.o(Region$$Table)
    wav_header                               0x20000000   Data          64  main.o(.data)
    datatemp                                 0x20000040   Data           8  main.o(.data)
    PCM_flag                                 0x20000048   Data           1  main.o(.data)
    TEXT_Buffer                              0x20000049   Data           8  main.o(.data)
    SIZE                                     0x20000052   Data           2  main.o(.data)
    SystemCoreClock                          0x20000054   Data           4  system_stm32f10x.o(.data)
    AHBPrescTable                            0x20000058   Data          16  system_stm32f10x.o(.data)
    SPI_FLASH_TYPE                           0x20000068   Data           2  flash.o(.data)
    VS10XX_ID                                0x2000006b   Data           1  vs10xx.o(.data)
    VS10XXram                                0x2000006c   Data           5  vs10xx.o(.data)
    vsset                                    0x20000071   Data           7  vs10xx.o(.data)
    count                                    0x20000080   Data           1  wg.o(.data)
    firstbit                                 0x20000081   Data           1  wg.o(.data)
    lastbit                                  0x20000082   Data           1  wg.o(.data)
    r_done                                   0x20000083   Data           1  wg.o(.data)
    pc_ip                                    0x20000084   Data           4  wiz.o(.data)
    pc_port                                  0x20000088   Data           2  wiz.o(.data)
    len                                      0x2000008a   Data           2  wiz.o(.data)
    mac                                      0x2000008c   Data           6  wiz.o(.data)
    lip                                      0x20000092   Data           4  wiz.o(.data)
    sub                                      0x20000096   Data           4  wiz.o(.data)
    gw                                       0x2000009a   Data           4  wiz.o(.data)
    ip                                       0x2000009e   Data           4  wiz.o(.data)
    L_UPD_port                               0x200000a2   Data           2  wiz.o(.data)
    L_TCP_port                               0x200000a4   Data           2  wiz.o(.data)
    auth_faultflag                           0x200000a8   Data           4  auth.o(.data)
    usersumtemp                              0x200000ac   Data           1  auth.o(.data)
    auth_flag                                0x200000b0   Data           4  auth.o(.data)
    i                                        0x200000b4   Data           4  auth.o(.data)
    j                                        0x200000b8   Data           4  auth.o(.data)
    txsize                                   0x200000bc   Data           8  device.o(.data)
    rxsize                                   0x200000c4   Data           8  device.o(.data)
    usersum                                  0x200000d0   Data           1  userkeys.o(.data)
    testkey1                                 0x200000d4   Data           4  userkeys.o(.data)
    UID                                      0x200000d8   Data           4  userkeys.o(.data)
    readkey                                  0x200000dc   Data           4  userkeys.o(.data)
    testID                                   0x200000e0   Data           4  userkeys.o(.data)
    __stdout                                 0x200000e8   Data           4  usart.o(.data)
    USART_RX_STA                             0x200000ec   Data           2  usart.o(.data)
    buffer                                   0x20000104   Data        2048  main.o(.bss)
    recbuf                                   0x20000904   Data         512  main.o(.bss)
    plybuf                                   0x20000b04   Data        4096  main.o(.bss)
    SPI_FLASH_BUF                            0x20001b04   Data        4096  flash.o(.bss)
    SPI_InitStructure                        0x20002b04   Data          18  spi.o(.bss)
    dat                                      0x20002b36   Data          26  wg.o(.bss)
    ConfigMsg                                0x20002b50   Data          33  device.o(.bss)
    RecvMsg                                  0x20002b71   Data          33  device.o(.bss)
    pub_buf                                  0x20002b92   Data        1460  device.o(.bss)
    ID                                       0x20003148   Data          12  userkeys.o(.bss)
    USART_RX_BUF                             0x20003154   Data         200  usart.o(.bss)
    __libspace_start                         0x2000321c   Data          96  libspace.o(.bss)
    __temporary_stack_top$libspace           0x2000327c   Data           0  libspace.o(.bss)



==============================================================================

Memory Map of the image

  Image Entry point : 0x08000131

  Load Region LR_IROM1 (Base: 0x08000000, Size: 0x0000479c, Max: 0x00040000, ABSOLUTE)

    Execution Region ER_IROM1 (Base: 0x08000000, Size: 0x00004698, Max: 0x00040000, ABSOLUTE)

    Base Addr    Size         Type   Attr      Idx    E Section Name        Object

    0x08000000   0x00000130   Data   RO          656    RESET               startup_stm32f10x_hd.o
    0x08000130   0x00000008   Code   RO         1006  * !!!main             c_w.l(__main.o)
    0x08000138   0x00000034   Code   RO         1178    !!!scatter          c_w.l(__scatter.o)
    0x0800016c   0x0000001a   Code   RO         1180    !!handler_copy      c_w.l(__scatter_copy.o)
    0x08000186   0x00000002   PAD
    0x08000188   0x0000001c   Code   RO         1182    !!handler_zi        c_w.l(__scatter_zi.o)
    0x080001a4   0x00000000   Code   RO          997    .ARM.Collect$$_printf_percent$$00000000  c_w.l(_printf_percent.o)
    0x080001a4   0x00000006   Code   RO          996    .ARM.Collect$$_printf_percent$$00000009  c_w.l(_printf_d.o)
    0x080001aa   0x00000006   Code   RO          995    .ARM.Collect$$_printf_percent$$0000000C  c_w.l(_printf_x.o)
    0x080001b0   0x00000006   Code   RO          994    .ARM.Collect$$_printf_percent$$00000014  c_w.l(_printf_s.o)
    0x080001b6   0x00000004   Code   RO         1017    .ARM.Collect$$_printf_percent$$00000017  c_w.l(_printf_percent_end.o)
    0x080001ba   0x00000002   Code   RO         1052    .ARM.Collect$$libinit$$00000000  c_w.l(libinit.o)
    0x080001bc   0x00000000   Code   RO         1059    .ARM.Collect$$libinit$$00000002  c_w.l(libinit2.o)
    0x080001bc   0x00000000   Code   RO         1061    .ARM.Collect$$libinit$$00000004  c_w.l(libinit2.o)
    0x080001bc   0x00000000   Code   RO         1064    .ARM.Collect$$libinit$$0000000A  c_w.l(libinit2.o)
    0x080001bc   0x00000000   Code   RO         1066    .ARM.Collect$$libinit$$0000000C  c_w.l(libinit2.o)
    0x080001bc   0x00000000   Code   RO         1068    .ARM.Collect$$libinit$$0000000E  c_w.l(libinit2.o)
    0x080001bc   0x00000000   Code   RO         1071    .ARM.Collect$$libinit$$00000011  c_w.l(libinit2.o)
    0x080001bc   0x00000000   Code   RO         1073    .ARM.Collect$$libinit$$00000013  c_w.l(libinit2.o)
    0x080001bc   0x00000000   Code   RO         1075    .ARM.Collect$$libinit$$00000015  c_w.l(libinit2.o)
    0x080001bc   0x00000000   Code   RO         1077    .ARM.Collect$$libinit$$00000017  c_w.l(libinit2.o)
    0x080001bc   0x00000000   Code   RO         1079    .ARM.Collect$$libinit$$00000019  c_w.l(libinit2.o)
    0x080001bc   0x00000000   Code   RO         1081    .ARM.Collect$$libinit$$0000001B  c_w.l(libinit2.o)
    0x080001bc   0x00000000   Code   RO         1083    .ARM.Collect$$libinit$$0000001D  c_w.l(libinit2.o)
    0x080001bc   0x00000000   Code   RO         1085    .ARM.Collect$$libinit$$0000001F  c_w.l(libinit2.o)
    0x080001bc   0x00000000   Code   RO         1087    .ARM.Collect$$libinit$$00000021  c_w.l(libinit2.o)
    0x080001bc   0x00000000   Code   RO         1089    .ARM.Collect$$libinit$$00000023  c_w.l(libinit2.o)
    0x080001bc   0x00000000   Code   RO         1091    .ARM.Collect$$libinit$$00000025  c_w.l(libinit2.o)
    0x080001bc   0x00000000   Code   RO         1095    .ARM.Collect$$libinit$$0000002C  c_w.l(libinit2.o)
    0x080001bc   0x00000000   Code   RO         1097    .ARM.Collect$$libinit$$0000002E  c_w.l(libinit2.o)
    0x080001bc   0x00000000   Code   RO         1099    .ARM.Collect$$libinit$$00000030  c_w.l(libinit2.o)
    0x080001bc   0x00000000   Code   RO         1101    .ARM.Collect$$libinit$$00000032  c_w.l(libinit2.o)
    0x080001bc   0x00000002   Code   RO         1102    .ARM.Collect$$libinit$$00000033  c_w.l(libinit2.o)
    0x080001be   0x00000002   Code   RO         1120    .ARM.Collect$$libshutdown$$00000000  c_w.l(libshutdown.o)
    0x080001c0   0x00000000   Code   RO         1130    .ARM.Collect$$libshutdown$$00000002  c_w.l(libshutdown2.o)
    0x080001c0   0x00000000   Code   RO         1132    .ARM.Collect$$libshutdown$$00000004  c_w.l(libshutdown2.o)
    0x080001c0   0x00000000   Code   RO         1135    .ARM.Collect$$libshutdown$$00000007  c_w.l(libshutdown2.o)
    0x080001c0   0x00000000   Code   RO         1138    .ARM.Collect$$libshutdown$$0000000A  c_w.l(libshutdown2.o)
    0x080001c0   0x00000000   Code   RO         1140    .ARM.Collect$$libshutdown$$0000000C  c_w.l(libshutdown2.o)
    0x080001c0   0x00000000   Code   RO         1143    .ARM.Collect$$libshutdown$$0000000F  c_w.l(libshutdown2.o)
    0x080001c0   0x00000002   Code   RO         1144    .ARM.Collect$$libshutdown$$00000010  c_w.l(libshutdown2.o)
    0x080001c2   0x00000000   Code   RO         1010    .ARM.Collect$$rtentry$$00000000  c_w.l(__rtentry.o)
    0x080001c2   0x00000000   Code   RO         1021    .ARM.Collect$$rtentry$$00000002  c_w.l(__rtentry2.o)
    0x080001c2   0x00000006   Code   RO         1033    .ARM.Collect$$rtentry$$00000004  c_w.l(__rtentry4.o)
    0x080001c8   0x00000000   Code   RO         1023    .ARM.Collect$$rtentry$$00000009  c_w.l(__rtentry2.o)
    0x080001c8   0x00000004   Code   RO         1024    .ARM.Collect$$rtentry$$0000000A  c_w.l(__rtentry2.o)
    0x080001cc   0x00000000   Code   RO         1026    .ARM.Collect$$rtentry$$0000000C  c_w.l(__rtentry2.o)
    0x080001cc   0x00000008   Code   RO         1027    .ARM.Collect$$rtentry$$0000000D  c_w.l(__rtentry2.o)
    0x080001d4   0x00000002   Code   RO         1056    .ARM.Collect$$rtexit$$00000000  c_w.l(rtexit.o)
    0x080001d6   0x00000000   Code   RO         1104    .ARM.Collect$$rtexit$$00000002  c_w.l(rtexit2.o)
    0x080001d6   0x00000004   Code   RO         1105    .ARM.Collect$$rtexit$$00000003  c_w.l(rtexit2.o)
    0x080001da   0x00000006   Code   RO         1106    .ARM.Collect$$rtexit$$00000004  c_w.l(rtexit2.o)
    0x080001e0   0x000003f4   Code   RO            1    .text               main.o
    0x080005d4   0x0000001a   Code   RO          187    .text               stm32f10x_it.o
    0x080005ee   0x00000002   PAD
    0x080005f0   0x000001e0   Code   RO          228    .text               system_stm32f10x.o
    0x080007d0   0x00000050   Code   RO          246    .text               dor.o
    0x08000820   0x00000110   Code   RO          258    .text               exti.o
    0x08000930   0x00000348   Code   RO          273    .text               flash.o
    0x08000c78   0x000000ac   Code   RO          292    .text               ids.o
    0x08000d24   0x000000fc   Code   RO          304    .text               key.o
    0x08000e20   0x00000050   Code   RO          317    .text               led.o
    0x08000e70   0x000002a4   Code   RO          329    .text               spi.o
    0x08001114   0x0000077c   Code   RO          344    .text               vs10xx.o
    0x08001890   0x000005e4   Code   RO          363    .text               w5500.o
    0x08001e74   0x000001d4   Code   RO          381    .text               wg.o
    0x08002048   0x00000250   Code   RO          397    .text               wiz.o
    0x08002298   0x000000e8   Code   RO          413    .text               auth.o
    0x08002380   0x000002cc   Code   RO          445    .text               device.o
    0x0800264c   0x000000a4   Code   RO          516    .text               recorder.o
    0x080026f0   0x0000068c   Code   RO          547    .text               socket.o
    0x08002d7c   0x00000200   Code   RO          573    .text               userkeys.o
    0x08002f7c   0x000000d4   Code   RO          590    .text               delay.o
    0x08003050   0x00000140   Code   RO          621    .text               usart.o
    0x08003190   0x00000040   Code   RO          657    .text               startup_stm32f10x_hd.o
    0x080031d0   0x0000035c   Code   RO          661    .text               stm32f10x_gpio.o
    0x0800352c   0x000003a4   Code   RO          673    .text               stm32f10x_rcc.o
    0x080038d0   0x00000408   Code   RO          687    .text               stm32f10x_usart.o
    0x08003cd8   0x000000dc   Code   RO          699    .text               misc.o
    0x08003db4   0x0000030c   Code   RO          711    .text               stm32f10x_spi.o
    0x080040c0   0x0000011c   Code   RO          819    .text               stm32f10x_exti.o
    0x080041dc   0x00000002   Code   RO          941    .text               c_w.l(use_no_semi_2.o)
    0x080041de   0x00000002   PAD
    0x080041e0   0x00000018   Code   RO          945    .text               c_w.l(noretval__2printf.o)
    0x080041f8   0x00000068   Code   RO          947    .text               c_w.l(__printf.o)
    0x08004260   0x00000052   Code   RO          949    .text               c_w.l(_printf_str.o)
    0x080042b2   0x00000002   PAD
    0x080042b4   0x00000078   Code   RO          951    .text               c_w.l(_printf_dec.o)
    0x0800432c   0x00000058   Code   RO          956    .text               c_w.l(_printf_hex_int.o)
    0x08004384   0x00000044   Code   RO         1000    .text               c_w.l(rt_memclr.o)
    0x080043c8   0x0000004e   Code   RO         1002    .text               c_w.l(rt_memclr_w.o)
    0x08004416   0x00000006   Code   RO         1004    .text               c_w.l(heapauxi.o)
    0x0800441c   0x00000002   Code   RO         1008    .text               c_w.l(use_no_semi.o)
    0x0800441e   0x000000b2   Code   RO         1011    .text               c_w.l(_printf_intcommon.o)
    0x080044d0   0x0000002c   Code   RO         1013    .text               c_w.l(_printf_char.o)
    0x080044fc   0x00000024   Code   RO         1015    .text               c_w.l(_printf_char_file.o)
    0x08004520   0x00000030   Code   RO         1035    .text               c_w.l(_printf_char_common.o)
    0x08004550   0x00000008   Code   RO         1037    .text               c_w.l(ferror.o)
    0x08004558   0x0000004a   Code   RO         1041    .text               c_w.l(sys_stackheap_outer.o)
    0x080045a2   0x00000012   Code   RO         1045    .text               c_w.l(exit.o)
    0x080045b4   0x00000008   Code   RO         1053    .text               c_w.l(libspace.o)
    0x080045bc   0x00000004   Data   RO            3    .constdata          main.o
    0x080045c0   0x00000040   Data   RO          345    .constdata          vs10xx.o
    0x08004600   0x00000050   Data   RO          517    .constdata          recorder.o
    0x08004650   0x00000028   Data   RO          957    .constdata          c_w.l(_printf_hex_int.o)
    0x08004678   0x00000020   Data   RO         1176    Region$$Table       anon$$obj.o


    Execution Region RW_IRAM1 (Base: 0x20000000, Size: 0x00003880, Max: 0x0000c000, ABSOLUTE)

    Base Addr    Size         Type   Attr      Idx    E Section Name        Object

    0x20000000   0x00000054   Data   RW            4    .data               main.o
    0x20000054   0x00000014   Data   RW          229    .data               system_stm32f10x.o
    0x20000068   0x00000002   Data   RW          275    .data               flash.o
    0x2000006a   0x00000001   Data   RW          305    .data               key.o
    0x2000006b   0x0000000d   Data   RW          346    .data               vs10xx.o
    0x20000078   0x00000008   Data   RW          365    .data               w5500.o
    0x20000080   0x00000004   Data   RW          383    .data               wg.o
    0x20000084   0x00000022   Data   RW          398    .data               wiz.o
    0x200000a6   0x00000002   PAD
    0x200000a8   0x00000014   Data   RW          415    .data               auth.o
    0x200000bc   0x00000010   Data   RW          447    .data               device.o
    0x200000cc   0x00000002   Data   RW          548    .data               socket.o
    0x200000ce   0x00000002   PAD
    0x200000d0   0x00000014   Data   RW          575    .data               userkeys.o
    0x200000e4   0x00000004   Data   RW          591    .data               delay.o
    0x200000e8   0x00000006   Data   RW          623    .data               usart.o
    0x200000ee   0x00000014   Data   RW          674    .data               stm32f10x_rcc.o
    0x20000102   0x00000002   PAD
    0x20000104   0x00001a00   Zero   RW            2    .bss                main.o
    0x20001b04   0x00001000   Zero   RW          274    .bss                flash.o
    0x20002b04   0x00000012   Zero   RW          330    .bss                spi.o
    0x20002b16   0x00000020   Zero   RW          364    .bss                w5500.o
    0x20002b36   0x0000001a   Zero   RW          382    .bss                wg.o
    0x20002b50   0x000005f6   Zero   RW          446    .bss                device.o
    0x20003146   0x00000002   PAD
    0x20003148   0x0000000c   Zero   RW          574    .bss                userkeys.o
    0x20003154   0x000000c8   Zero   RW          622    .bss                usart.o
    0x2000321c   0x00000060   Zero   RW         1054    .bss                c_w.l(libspace.o)
    0x2000327c   0x00000004   PAD
    0x20003280   0x00000200   Zero   RW          655    HEAP                startup_stm32f10x_hd.o
    0x20003480   0x00000400   Zero   RW          654    STACK               startup_stm32f10x_hd.o


==============================================================================

Image component sizes


      Code (inc. data)   RO Data    RW Data    ZI Data      Debug   Object Name

       232         36          0         20          0       1859   auth.o
       212         18          0          4          0       1007   delay.o
       716        110          0         16       1526       4003   device.o
        80         14          0          0          0        567   dor.o
       272          4          0          0          0       1036   exti.o
       840         20          0          2       4096       4381   flash.o
       172         20          0          0          0        786   ids.o
       252         16          0          1          0        812   key.o
        80          8          0          0          0        471   led.o
      1012        170          4         84       6656     245378   main.o
       220         22          0          0          0       1765   misc.o
       164         12         80          0          0       1449   recorder.o
      1676         48          0          2          0       5258   socket.o
       676         24          0          0         18       2711   spi.o
        64         26        304          0       1536        784   startup_stm32f10x_hd.o
       284         10          0          0          0       2223   stm32f10x_exti.o
       860         38          0          0          0       5697   stm32f10x_gpio.o
        26          0          0          0          0       1162   stm32f10x_it.o
       932         36          0         20          0       8860   stm32f10x_rcc.o
       780         14          0          0          0       6582   stm32f10x_spi.o
      1032         22          0          0          0       8424   stm32f10x_usart.o
         0          0          0          0          0         32   sys.o
       480         38          0         20          0       1683   system_stm32f10x.o
       320         16          0          6        200       3162   usart.o
       512         44          0         20         12       2393   userkeys.o
      1916         42         64         13          0       8074   vs10xx.o
      1508        104          0          8         32       8327   w5500.o
       468         42          0          4         26       1933   wg.o
       592        170          0         34          0       2261   wiz.o

    ----------------------------------------------------------------------
     16380       1124        484        260      14104     333080   Object Totals
         0          0         32          0          0          0   (incl. Generated)
         2          0          0          6          2          0   (incl. Padding)

    ----------------------------------------------------------------------

      Code (inc. data)   RO Data    RW Data    ZI Data      Debug   Library Member Name

         8          0          0          0          0         68   __main.o
       104          0          0          0          0         84   __printf.o
         0          0          0          0          0          0   __rtentry.o
        12          0          0          0          0          0   __rtentry2.o
         6          0          0          0          0          0   __rtentry4.o
        52          8          0          0          0          0   __scatter.o
        26          0          0          0          0          0   __scatter_copy.o
        28          0          0          0          0          0   __scatter_zi.o
        44          0          0          0          0        108   _printf_char.o
        48          6          0          0          0         96   _printf_char_common.o
        36          4          0          0          0         80   _printf_char_file.o
         6          0          0          0          0          0   _printf_d.o
       120         16          0          0          0         92   _printf_dec.o
        88          4         40          0          0         88   _printf_hex_int.o
       178          0          0          0          0         88   _printf_intcommon.o
         0          0          0          0          0          0   _printf_percent.o
         4          0          0          0          0          0   _printf_percent_end.o
         6          0          0          0          0          0   _printf_s.o
        82          0          0          0          0         80   _printf_str.o
         6          0          0          0          0          0   _printf_x.o
        18          0          0          0          0         80   exit.o
         8          0          0          0          0         68   ferror.o
         6          0          0          0          0        152   heapauxi.o
         2          0          0          0          0          0   libinit.o
         2          0          0          0          0          0   libinit2.o
         2          0          0          0          0          0   libshutdown.o
         2          0          0          0          0          0   libshutdown2.o
         8          4          0          0         96         68   libspace.o
        24          4          0          0          0         84   noretval__2printf.o
        68          0          0          0          0         68   rt_memclr.o
        78          0          0          0          0         80   rt_memclr_w.o
         2          0          0          0          0          0   rtexit.o
        10          0          0          0          0          0   rtexit2.o
        74          0          0          0          0         80   sys_stackheap_outer.o
         2          0          0          0          0         68   use_no_semi.o
         2          0          0          0          0         68   use_no_semi_2.o

    ----------------------------------------------------------------------
      1168         46         40          0        100       1600   Library Totals
         6          0          0          0          4          0   (incl. Padding)

    ----------------------------------------------------------------------

      Code (inc. data)   RO Data    RW Data    ZI Data      Debug   Library Name

      1162         46         40          0         96       1600   c_w.l

    ----------------------------------------------------------------------
      1168         46         40          0        100       1600   Library Totals

    ----------------------------------------------------------------------

==============================================================================


      Code (inc. data)   RO Data    RW Data    ZI Data      Debug   

     17548       1170        524        260      14204     331764   Grand Totals
     17548       1170        524        260      14204     331764   ELF Image Totals
     17548       1170        524        260          0          0   ROM Totals

==============================================================================

    Total RO  Size (Code + RO Data)                18072 (  17.65kB)
    Total RW  Size (RW Data + ZI Data)             14464 (  14.13kB)
    Total ROM Size (Code + RO Data + RW Data)      18332 (  17.90kB)

==============================================================================

